Component: ARM Compiler 5.06 update 6 (build 750) Tool: armlink [4d35ed]

==============================================================================

Section Cross References

    dac.o(i.InitDAC) refers to stm32f10x_rcc.o(i.RCC_APB1PeriphClockCmd) for RCC_APB1PeriphClockCmd
    dac.o(i.InitDAC) refers to stm32f10x_dac.o(i.DAC_StructInit) for DAC_StructInit
    dac.o(i.InitDAC) refers to stm32f10x_dac.o(i.DAC_Init) for DAC_Init
    dac.o(i.InitDAC) refers to stm32f10x_dac.o(i.DAC_Cmd) for DAC_Cmd
    dac.o(i.WriteDAC) refers to stm32f10x_dac.o(i.DAC_SetChannel1Data) for DAC_SetChannel1Data
    display.o(i.Display_I2C) refers to i2c.o(i.I2C_write) for I2C_write
    display.o(i.Display_Zahl) refers to display.o(i.Display_I2C) for Display_I2C
    display.o(i.Display_Zahl) refers to display.o(.data) for Digits
    i2c.o(i.I2C_init) refers to i2c.o(i.I2C_config) for I2C_config
    main.o(i.ExecuteCmd) refers to _scanf_int.o(.text) for _scanf_int
    main.o(i.ExecuteCmd) refers to _scanf_str.o(.text) for _scanf_string
    main.o(i.ExecuteCmd) refers to _printf_percent.o(.ARM.Collect$$_printf_percent$$00000000) for _printf_percent
    main.o(i.ExecuteCmd) refers to _printf_f.o(.ARM.Collect$$_printf_percent$$00000003) for _printf_f
    main.o(i.ExecuteCmd) refers to printf1.o(x$fpl$printf1) for _printf_fp_dec
    main.o(i.ExecuteCmd) refers to __0sscanf.o(.text) for __0sscanf
    main.o(i.ExecuteCmd) refers to tim2_pwm.o(i.TIM2_servo) for TIM2_servo
    main.o(i.ExecuteCmd) refers to tim2_pwm.o(i.TIM2_RGB) for TIM2_RGB
    main.o(i.ExecuteCmd) refers to usart1.o(i.WriteString) for WriteString
    main.o(i.ExecuteCmd) refers to temperatur.o(i.read_Temp) for read_Temp
    main.o(i.ExecuteCmd) refers to fflt_clz.o(x$fpl$fflt) for __aeabi_i2f
    main.o(i.ExecuteCmd) refers to f2d.o(x$fpl$f2d) for __aeabi_f2d
    main.o(i.ExecuteCmd) refers to ddiv.o(x$fpl$ddiv) for __aeabi_ddiv
    main.o(i.ExecuteCmd) refers to noretval__2sprintf.o(.text) for __2sprintf
    main.o(i.ExecuteCmd) refers to temperatur.o(i.set_TempRes) for set_TempRes
    main.o(i.ExecuteCmd) refers to display.o(i.Display_I2C) for Display_I2C
    main.o(i.ExecuteCmd) refers to display.o(i.Display_Zahl) for Display_Zahl
    main.o(i.ExecuteCmd) refers to usart1.o(.bss) for inputBuffer
    main.o(i.ExecuteCmd) refers to main.o(.data) for sinus
    main.o(i.ExecuteCmd) refers to main.o(.conststring) for .conststring
    main.o(i.SysTick_Handler) refers to stepper.o(i.Step_Out) for Step_Out
    main.o(i.SysTick_Handler) refers to main.o(.data) for stepmode
    main.o(i.Temp_Display) refers to temperatur.o(i.read_Temp) for read_Temp
    main.o(i.Temp_Display) refers to fflt_clz.o(x$fpl$fflt) for __aeabi_i2f
    main.o(i.Temp_Display) refers to f2d.o(x$fpl$f2d) for __aeabi_f2d
    main.o(i.Temp_Display) refers to ddiv.o(x$fpl$ddiv) for __aeabi_ddiv
    main.o(i.Temp_Display) refers to dfix.o(x$fpl$dfix) for __aeabi_d2iz
    main.o(i.Temp_Display) refers to display.o(i.Display_Zahl) for Display_Zahl
    main.o(i.Temp_Display) refers to tim2_pwm.o(i.TIM2_servo) for TIM2_servo
    main.o(i.Temp_Display) refers to main.o(.data) for ziel_pos
    main.o(i.main) refers to dac.o(i.InitDAC) for InitDAC
    main.o(i.main) refers to usart1.o(i.InitUSART1) for InitUSART1
    main.o(i.main) refers to tim2_pwm.o(i.InitTIM2_PWM) for InitTIM2_PWM
    main.o(i.main) refers to stepper.o(i.InitStepper) for InitStepper
    main.o(i.main) refers to i2c.o(i.I2C_init) for I2C_init
    main.o(i.main) refers to usart1.o(i.WriteString) for WriteString
    main.o(i.main) refers to main.o(i.Temp_Display) for Temp_Display
    main.o(i.main) refers to dac.o(i.WriteDAC) for WriteDAC
    main.o(i.main) refers to main.o(i.ExecuteCmd) for ExecuteCmd
    main.o(i.main) refers to main.o(.data) for tempon
    main.o(i.main) refers to usart1.o(.data) for cmdflag
    stepper.o(i.InitStepper) refers to stm32f10x_rcc.o(i.RCC_APB2PeriphClockCmd) for RCC_APB2PeriphClockCmd
    stepper.o(i.InitStepper) refers to stm32f10x_gpio.o(i.GPIO_Init) for GPIO_Init
    stepper.o(i.InitStepper) refers to stepper.o(i.InitSysTick) for InitSysTick
    stepper.o(i.Step_Out) refers to stm32f10x_gpio.o(i.GPIO_Write) for GPIO_Write
    temperatur.o(i.read_Temp) refers to i2c.o(i.I2C_write) for I2C_write
    temperatur.o(i.read_Temp) refers to i2c.o(i.I2C_read) for I2C_read
    temperatur.o(i.set_TempRes) refers to i2c.o(i.I2C_write) for I2C_write
    tim2_pwm.o(i.InitTIM2_PWM) refers to stm32f10x_rcc.o(i.RCC_APB2PeriphClockCmd) for RCC_APB2PeriphClockCmd
    tim2_pwm.o(i.InitTIM2_PWM) refers to stm32f10x_gpio.o(i.GPIO_Init) for GPIO_Init
    tim2_pwm.o(i.InitTIM2_PWM) refers to stm32f10x_rcc.o(i.RCC_APB1PeriphClockCmd) for RCC_APB1PeriphClockCmd
    tim2_pwm.o(i.InitTIM2_PWM) refers to stm32f10x_tim.o(i.TIM_TimeBaseInit) for TIM_TimeBaseInit
    tim2_pwm.o(i.InitTIM2_PWM) refers to stm32f10x_tim.o(i.TIM_Cmd) for TIM_Cmd
    tim2_pwm.o(i.InitTIM2_PWM) refers to stm32f10x_tim.o(i.TIM_OC2Init) for TIM_OC2Init
[...]
    Removing stm32f10x_tim.o(i.TIM_ICStructInit), (18 bytes).
    Removing stm32f10x_tim.o(i.TIM_ITConfig), (18 bytes).
    Removing stm32f10x_tim.o(i.TIM_ITRxExternalClockConfig), (24 bytes).
    Removing stm32f10x_tim.o(i.TIM_InternalClockConfig), (12 bytes).
    Removing stm32f10x_tim.o(i.TIM_OC1FastConfig), (18 bytes).
    Removing stm32f10x_tim.o(i.TIM_OC1NPolarityConfig), (18 bytes).
    Removing stm32f10x_tim.o(i.TIM_OC1PolarityConfig), (18 bytes).
    Removing stm32f10x_tim.o(i.TIM_OC1PreloadConfig), (18 bytes).
    Removing stm32f10x_tim.o(i.TIM_OC2FastConfig), (26 bytes).
    Removing stm32f10x_tim.o(i.TIM_OC2NPolarityConfig), (26 bytes).
    Removing stm32f10x_tim.o(i.TIM_OC2PolarityConfig), (26 bytes).
    Removing stm32f10x_tim.o(i.TIM_OC2PreloadConfig), (26 bytes).
    Removing stm32f10x_tim.o(i.TIM_OC3FastConfig), (18 bytes).
    Removing stm32f10x_tim.o(i.TIM_OC3NPolarityConfig), (26 bytes).
    Removing stm32f10x_tim.o(i.TIM_OC3PolarityConfig), (26 bytes).
    Removing stm32f10x_tim.o(i.TIM_OC3PreloadConfig), (18 bytes).
    Removing stm32f10x_tim.o(i.TIM_OC4FastConfig), (26 bytes).
    Removing stm32f10x_tim.o(i.TIM_OC4PolarityConfig), (26 bytes).
    Removing stm32f10x_tim.o(i.TIM_OC4PreloadConfig), (26 bytes).
    Removing stm32f10x_tim.o(i.TIM_OCStructInit), (20 bytes).
    Removing stm32f10x_tim.o(i.TIM_PWMIConfig), (124 bytes).
    Removing stm32f10x_tim.o(i.TIM_PrescalerConfig), (6 bytes).
    Removing stm32f10x_tim.o(i.TIM_SelectCCDMA), (24 bytes).
    Removing stm32f10x_tim.o(i.TIM_SelectCOM), (24 bytes).
    Removing stm32f10x_tim.o(i.TIM_SelectHallSensor), (24 bytes).
    Removing stm32f10x_tim.o(i.TIM_SelectInputTrigger), (18 bytes).
    Removing stm32f10x_tim.o(i.TIM_SelectMasterSlaveMode), (18 bytes).
    Removing stm32f10x_tim.o(i.TIM_SelectOCxM), (82 bytes).
    Removing stm32f10x_tim.o(i.TIM_SelectOnePulseMode), (18 bytes).
    Removing stm32f10x_tim.o(i.TIM_SelectOutputTrigger), (18 bytes).
    Removing stm32f10x_tim.o(i.TIM_SelectSlaveMode), (18 bytes).
    Removing stm32f10x_tim.o(i.TIM_SetAutoreload), (4 bytes).
    Removing stm32f10x_tim.o(i.TIM_SetClockDivision), (18 bytes).
    Removing stm32f10x_tim.o(i.TIM_SetCounter), (4 bytes).
    Removing stm32f10x_tim.o(i.TIM_SetIC1Prescaler), (18 bytes).
    Removing stm32f10x_tim.o(i.TIM_SetIC2Prescaler), (26 bytes).
    Removing stm32f10x_tim.o(i.TIM_SetIC3Prescaler), (18 bytes).
    Removing stm32f10x_tim.o(i.TIM_SetIC4Prescaler), (26 bytes).
    Removing stm32f10x_tim.o(i.TIM_TIxExternalClockConfig), (62 bytes).
    Removing stm32f10x_tim.o(i.TIM_TimeBaseStructInit), (18 bytes).
    Removing stm32f10x_tim.o(i.TIM_UpdateDisableConfig), (24 bytes).
    Removing stm32f10x_tim.o(i.TIM_UpdateRequestConfig), (24 bytes).
    Removing stm32f10x_usart.o(.rev16_text), (4 bytes).
    Removing stm32f10x_usart.o(.revsh_text), (4 bytes).
    Removing stm32f10x_usart.o(.rrx_text), (6 bytes).
    Removing stm32f10x_usart.o(i.USART_ClearFlag), (18 bytes).
    Removing stm32f10x_usart.o(i.USART_ClearITPendingBit), (30 bytes).
    Removing stm32f10x_usart.o(i.USART_ClockInit), (34 bytes).
    Removing stm32f10x_usart.o(i.USART_ClockStructInit), (12 bytes).
    Removing stm32f10x_usart.o(i.USART_DMACmd), (18 bytes).
    Removing stm32f10x_usart.o(i.USART_DeInit), (156 bytes).
    Removing stm32f10x_usart.o(i.USART_GetITStatus), (84 bytes).
    Removing stm32f10x_usart.o(i.USART_HalfDuplexCmd), (24 bytes).
    Removing stm32f10x_usart.o(i.USART_IrDACmd), (24 bytes).
    Removing stm32f10x_usart.o(i.USART_IrDAConfig), (18 bytes).
    Removing stm32f10x_usart.o(i.USART_LINBreakDetectLengthConfig), (18 bytes).
    Removing stm32f10x_usart.o(i.USART_LINCmd), (24 bytes).
    Removing stm32f10x_usart.o(i.USART_OneBitMethodCmd), (24 bytes).
    Removing stm32f10x_usart.o(i.USART_OverSampling8Cmd), (22 bytes).
    Removing stm32f10x_usart.o(i.USART_ReceiveData), (10 bytes).
    Removing stm32f10x_usart.o(i.USART_ReceiverWakeUpCmd), (24 bytes).
    Removing stm32f10x_usart.o(i.USART_SendBreak), (10 bytes).
    Removing stm32f10x_usart.o(i.USART_SetAddress), (18 bytes).
    Removing stm32f10x_usart.o(i.USART_SetGuardTime), (16 bytes).
    Removing stm32f10x_usart.o(i.USART_SetPrescaler), (16 bytes).
    Removing stm32f10x_usart.o(i.USART_SmartCardCmd), (24 bytes).
    Removing stm32f10x_usart.o(i.USART_SmartCardNACKCmd), (24 bytes).
    Removing stm32f10x_usart.o(i.USART_WakeUpConfig), (18 bytes).
    Removing system_stm32f10x.o(.rev16_text), (4 bytes).
    Removing system_stm32f10x.o(.revsh_text), (4 bytes).
    Removing system_stm32f10x.o(.rrx_text), (6 bytes).
    Removing system_stm32f10x.o(i.SystemCoreClockUpdate), (160 bytes).
    Removing system_stm32f10x.o(.data), (20 bytes).

257 unused section(s) (total 11351 bytes) removed from the image.

==============================================================================

Image Symbol Table

    Local Symbols

    Symbol Name                              Value     Ov Type        Size  Object(Section)

    ../clib/angel/boardlib.s                 0x00000000   Number         0  boardshut.o ABSOLUTE
    ../clib/angel/boardlib.s                 0x00000000   Number         0  boardinit1.o ABSOLUTE
    ../clib/angel/boardlib.s                 0x00000000   Number         0  boardinit2.o ABSOLUTE
    ../clib/angel/boardlib.s                 0x00000000   Number         0  boardinit3.o ABSOLUTE
    ../clib/angel/handlers.s                 0x00000000   Number         0  __scatter_zi.o ABSOLUTE
    ../clib/angel/handlers.s                 0x00000000   Number         0  __scatter_copy.o ABSOLUTE
    ../clib/angel/kernel.s                   0x00000000   Number         0  __rtentry.o ABSOLUTE
    ../clib/angel/kernel.s                   0x00000000   Number         0  rtexit2.o ABSOLUTE
    ../clib/angel/kernel.s                   0x00000000   Number         0  rtexit.o ABSOLUTE
    ../clib/angel/kernel.s                   0x00000000   Number         0  __rtentry4.o ABSOLUTE
    ../clib/angel/kernel.s                   0x00000000   Number         0  __rtentry2.o ABSOLUTE
    ../clib/angel/rt.s                       0x00000000   Number         0  rt_ctype_table.o ABSOLUTE
    ../clib/angel/rt.s                       0x00000000   Number         0  rt_locale_intlibspace.o ABSOLUTE
    ../clib/angel/rt.s                       0x00000000   Number         0  rt_locale.o ABSOLUTE
    ../clib/angel/rt.s                       0x00000000   Number         0  rt_raise.o ABSOLUTE
    ../clib/angel/scatter.s                  0x00000000   Number         0  __scatter.o ABSOLUTE
    ../clib/angel/startup.s                  0x00000000   Number         0  __main.o ABSOLUTE
    ../clib/angel/sys.s                      0x00000000   Number         0  sys_stackheap_outer.o ABSOLUTE
    ../clib/angel/sys.s                      0x00000000   Number         0  indicate_semi.o ABSOLUTE
    ../clib/angel/sys.s                      0x00000000   Number         0  use_no_semi.o ABSOLUTE
    ../clib/angel/sys.s                      0x00000000   Number         0  libspace.o ABSOLUTE
    ../clib/angel/sysapp.c                   0x00000000   Number         0  sys_wrch.o ABSOLUTE
    ../clib/angel/sysapp.c                   0x00000000   Number         0  sys_exit.o ABSOLUTE
    ../clib/angel/sysapp.c                   0x00000000   Number         0  sys_command.o ABSOLUTE
    ../clib/armsys.c                         0x00000000   Number         0  _get_argv_nomalloc.o ABSOLUTE
    ../clib/armsys.c                         0x00000000   Number         0  argv_veneer.o ABSOLUTE
    ../clib/armsys.c                         0x00000000   Number         0  argv_veneer.o ABSOLUTE
    ../clib/armsys.c                         0x00000000   Number         0  no_argv.o ABSOLUTE
    ../clib/bigflt.c                         0x00000000   Number         0  bigflt0.o ABSOLUTE
    ../clib/btod.s                           0x00000000   Number         0  btod.o ABSOLUTE
    ../clib/ctype.c                          0x00000000   Number         0  isspace.o ABSOLUTE
    ../clib/heapalloc.c                      0x00000000   Number         0  hrguard.o ABSOLUTE
    ../clib/heapaux.c                        0x00000000   Number         0  heapauxi.o ABSOLUTE
    ../clib/libinit.s                        0x00000000   Number         0  libshutdown2.o ABSOLUTE
    ../clib/libinit.s                        0x00000000   Number         0  libinit2.o ABSOLUTE
    ../clib/libinit.s                        0x00000000   Number         0  libshutdown.o ABSOLUTE
    ../clib/libinit.s                        0x00000000   Number         0  libinit.o ABSOLUTE
    ../clib/locale.s                         0x00000000   Number         0  lc_ctype_c.o ABSOLUTE
    ../clib/locale.s                         0x00000000   Number         0  lc_numeric_c.o ABSOLUTE
    ../clib/longlong.s                       0x00000000   Number         0  lludiv10.o ABSOLUTE
    ../clib/memcpset.s                       0x00000000   Number         0  strcmpv7m.o ABSOLUTE
    ../clib/printf.c                         0x00000000   Number         0  __printf_flags_ss_wp.o ABSOLUTE
    ../clib/printf.c                         0x00000000   Number         0  __printf_flags_wp.o ABSOLUTE
    ../clib/printf.c                         0x00000000   Number         0  __printf_wp.o ABSOLUTE
    ../clib/printf.c                         0x00000000   Number         0  __printf.o ABSOLUTE
    ../clib/printf.c                         0x00000000   Number         0  __printf_flags.o ABSOLUTE
    ../clib/printf.c                         0x00000000   Number         0  _printf_dec.o ABSOLUTE
    ../clib/printf.c                         0x00000000   Number         0  _printf_str.o ABSOLUTE
    ../clib/printf.c                         0x00000000   Number         0  __printf_ss_wp.o ABSOLUTE
    ../clib/printf.c                         0x00000000   Number         0  _sputc.o ABSOLUTE
    ../clib/printf.c                         0x00000000   Number         0  _printf_fp_dec.o ABSOLUTE
    ../clib/printf.c                         0x00000000   Number         0  _printf_char_common.o ABSOLUTE
    ../clib/printf.c                         0x00000000   Number         0  __2sprintf.o ABSOLUTE
    ../clib/printf.c                         0x00000000   Number         0  _printf_char.o ABSOLUTE
    ../clib/printf.c                         0x00000000   Number         0  _printf_intcommon.o ABSOLUTE
    ../clib/printf.c                         0x00000000   Number         0  noretval__2sprintf.o ABSOLUTE
    ../clib/printf.c                         0x00000000   Number         0  __printf_ss.o ABSOLUTE
    ../clib/printf.c                         0x00000000   Number         0  __printf_nopercent.o ABSOLUTE
    ../clib/printf.c                         0x00000000   Number         0  _printf_fp_infnan.o ABSOLUTE
    ../clib/printf.c                         0x00000000   Number         0  __printf_flags_ss.o ABSOLUTE
    ../clib/printf_percent.s                 0x00000000   Number         0  _printf_percent_end.o ABSOLUTE
    ../clib/printf_percent.s                 0x00000000   Number         0  _printf_i.o ABSOLUTE
    ../clib/printf_percent.s                 0x00000000   Number         0  _printf_s.o ABSOLUTE
    ../clib/printf_percent.s                 0x00000000   Number         0  _printf_f.o ABSOLUTE
    ../clib/printf_percent.s                 0x00000000   Number         0  _printf_percent.o ABSOLUTE
    ../clib/scanf.c                          0x00000000   Number         0  _chval.o ABSOLUTE
    ../clib/scanf.c                          0x00000000   Number         0  scanf_char.o ABSOLUTE
    ../clib/scanf.c                          0x00000000   Number         0  __0sscanf.o ABSOLUTE
    ../clib/scanf.c                          0x00000000   Number         0  _scanf.o ABSOLUTE
    ../clib/scanf.c                          0x00000000   Number         0  _scanf_int.o ABSOLUTE
    ../clib/scanf.c                          0x00000000   Number         0  _sgetc.o ABSOLUTE
    ../clib/scanf.c                          0x00000000   Number         0  _scanf_str.o ABSOLUTE
    ../clib/signal.c                         0x00000000   Number         0  defsig_rtmem_outer.o ABSOLUTE
    ../clib/signal.c                         0x00000000   Number         0  defsig_other.o ABSOLUTE
    ../clib/signal.c                         0x00000000   Number         0  defsig_segv_inner.o ABSOLUTE
    ../clib/signal.c                         0x00000000   Number         0  defsig_cppl_inner.o ABSOLUTE
    ../clib/signal.c                         0x00000000   Number         0  defsig_pvfn_inner.o ABSOLUTE
    ../clib/signal.c                         0x00000000   Number         0  defsig_stak_inner.o ABSOLUTE
    ../clib/signal.c                         0x00000000   Number         0  defsig_rtred_inner.o ABSOLUTE
    ../clib/signal.c                         0x00000000   Number         0  defsig_fpe_inner.o ABSOLUTE
    ../clib/signal.c                         0x00000000   Number         0  defsig_abrt_inner.o ABSOLUTE
    ../clib/signal.c                         0x00000000   Number         0  defsig_general.o ABSOLUTE
    ../clib/signal.c                         0x00000000   Number         0  __raise.o ABSOLUTE
    ../clib/signal.c                         0x00000000   Number         0  defsig_rtmem_inner.o ABSOLUTE
    ../clib/signal.c                         0x00000000   Number         0  defsig_exit.o ABSOLUTE
    ../clib/signal.c                         0x00000000   Number         0  defsig_rtmem_formal.o ABSOLUTE
    ../clib/signal.s                         0x00000000   Number         0  defsig.o ABSOLUTE
    ../clib/stdlib.c                         0x00000000   Number         0  exit.o ABSOLUTE
    ../fplib/ddiv.s                          0x00000000   Number         0  ddiv.o ABSOLUTE
    ../fplib/dfix.s                          0x00000000   Number         0  dfix.o ABSOLUTE
    ../fplib/dnaninf.s                       0x00000000   Number         0  dnaninf.o ABSOLUTE
    ../fplib/dretinf.s                       0x00000000   Number         0  dretinf.o ABSOLUTE
    ../fplib/f2d.s                           0x00000000   Number         0  f2d.o ABSOLUTE
    ../fplib/fflt.s                          0x00000000   Number         0  fflt_clz.o ABSOLUTE
    ../fplib/fnaninf.s                       0x00000000   Number         0  fnaninf.o ABSOLUTE
    ../fplib/fpinit.s                        0x00000000   Number         0  fpinit.o ABSOLUTE
    ../fplib/istatus.s                       0x00000000   Number         0  istatus.o ABSOLUTE
    ../fplib/printf1.s                       0x00000000   Number         0  printf1.o ABSOLUTE
    ../fplib/usenofp.s                       0x00000000   Number         0  usenofp.o ABSOLUTE
    ../mathlib/fpclassify.c                  0x00000000   Number         0  fpclassify.o ABSOLUTE
    C:\Keil_v5\ARM\PACK\Keil\STM32F1xx_DFP\2.2.0\Device\StdPeriph_Driver\src\misc.c 0x00000000   Number         0  misc.o ABSOLUTE
    C:\Keil_v5\ARM\PACK\Keil\STM32F1xx_DFP\2.2.0\Device\StdPeriph_Driver\src\stm32f10x_dac.c 0x00000000   Number         0  stm32f10x_dac.o ABSOLUTE
    C:\Keil_v5\ARM\PACK\Keil\STM32F1xx_DFP\2.2.0\Device\StdPeriph_Driver\src\stm32f10x_gpio.c 0x00000000   Number         0  stm32f10x_gpio.o ABSOLUTE
    C:\Keil_v5\ARM\PACK\Keil\STM32F1xx_DFP\2.2.0\Device\StdPeriph_Driver\src\stm32f10x_i2c.c 0x00000000   Number         0  stm32f10x_i2c.o ABSOLUTE
    C:\Keil_v5\ARM\PACK\Keil\STM32F1xx_DFP\2.2.0\Device\StdPeriph_Driver\src\stm32f10x_rcc.c 0x00000000   Number         0  stm32f10x_rcc.o ABSOLUTE
    C:\Keil_v5\ARM\PACK\Keil\STM32F1xx_DFP\2.2.0\Device\StdPeriph_Driver\src\stm32f10x_tim.c 0x00000000   Number         0  stm32f10x_tim.o ABSOLUTE
    C:\Keil_v5\ARM\PACK\Keil\STM32F1xx_DFP\2.2.0\Device\StdPeriph_Driver\src\stm32f10x_usart.c 0x00000000   Number         0  stm32f10x_usart.o ABSOLUTE
    C:\\Keil_v5\\ARM\\PACK\\Keil\\STM32F1xx_DFP\\2.2.0\\Device\\StdPeriph_Driver\\src\\misc.c 0x00000000   Number         0  misc.o ABSOLUTE
    C:\\Keil_v5\\ARM\\PACK\\Keil\\STM32F1xx_DFP\\2.2.0\\Device\\StdPeriph_Driver\\src\\stm32f10x_dac.c 0x00000000   Number         0  stm32f10x_dac.o ABSOLUTE
    C:\\Keil_v5\\ARM\\PACK\\Keil\\STM32F1xx_DFP\\2.2.0\\Device\\StdPeriph_Driver\\src\\stm32f10x_gpio.c 0x00000000   Number         0  stm32f10x_gpio.o ABSOLUTE
    C:\\Keil_v5\\ARM\\PACK\\Keil\\STM32F1xx_DFP\\2.2.0\\Device\\StdPeriph_Driver\\src\\stm32f10x_i2c.c 0x00000000   Number         0  stm32f10x_i2c.o ABSOLUTE
    C:\\Keil_v5\\ARM\\PACK\\Keil\\STM32F1xx_DFP\\2.2.0\\Device\\StdPeriph_Driver\\src\\stm32f10x_rcc.c 0x00000000   Number         0  stm32f10x_rcc.o ABSOLUTE
    C:\\Keil_v5\\ARM\\PACK\\Keil\\STM32F1xx_DFP\\2.2.0\\Device\\StdPeriph_Driver\\src\\stm32f10x_tim.c 0x00000000   Number         0  stm32f10x_tim.o ABSOLUTE
    C:\\Keil_v5\\ARM\\PACK\\Keil\\STM32F1xx_DFP\\2.2.0\\Device\\StdPeriph_Driver\\src\\stm32f10x_usart.c 0x00000000   Number         0  stm32f10x_usart.o ABSOLUTE
    DAC.c                                    0x00000000   Number         0  dac.o ABSOLUTE
    DAC.c                                    0x00000000   Number         0  dac.o ABSOLUTE
    Display.c                                0x00000000   Number         0  display.o ABSOLUTE
    ESP_USART3.c                             0x00000000   Number         0  esp_usart3.o ABSOLUTE
    ESP_USART3.c                             0x00000000   Number         0  esp_usart3.o ABSOLUTE
    I2C.c                                    0x00000000   Number         0  i2c.o ABSOLUTE
    I2C.c                                    0x00000000   Number         0  i2c.o ABSOLUTE
    RTE\Device\STM32F100RB\startup_stm32f10x_md_vl.s 0x00000000   Number         0  startup_stm32f10x_md_vl.o ABSOLUTE
    RTE\Device\STM32F100RB\system_stm32f10x.c 0x00000000   Number         0  system_stm32f10x.o ABSOLUTE
    RTE\\Device\\STM32F100RB\\system_stm32f10x.c 0x00000000   Number         0  system_stm32f10x.o ABSOLUTE
    Stepper.c                                0x00000000   Number         0  stepper.o ABSOLUTE
    Stepper.c                                0x00000000   Number         0  stepper.o ABSOLUTE
    TIM2_PWM.c                               0x00000000   Number         0  tim2_pwm.o ABSOLUTE
    TIM2_PWM.c                               0x00000000   Number         0  tim2_pwm.o ABSOLUTE
    Temperatur.c                             0x00000000   Number         0  temperatur.o ABSOLUTE
    Tempertatur.c                            0x00000000   Number         0  tempertatur.o ABSOLUTE
    USART1.c                                 0x00000000   Number         0  usart1.o ABSOLUTE
    USART1.c                                 0x00000000   Number         0  usart1.o ABSOLUTE
    dc.s                                     0x00000000   Number         0  dc.o ABSOLUTE
    main.c                                   0x00000000   Number         0  main.o ABSOLUTE
    main.c                                   0x00000000   Number         0  main.o ABSOLUTE
    RESET                                    0x08000000   Section      288  startup_stm32f10x_md_vl.o(RESET)
    !!!main                                  0x08000120   Section        8  __main.o(!!!main)
    !!!scatter                               0x08000128   Section       52  __scatter.o(!!!scatter)
    !!handler_copy                           0x0800015c   Section       26  __scatter_copy.o(!!handler_copy)
    !!handler_zi                             0x08000178   Section       28  __scatter_zi.o(!!handler_zi)
    .ARM.Collect$$_printf_percent$$00000000  0x08000194   Section        0  _printf_percent.o(.ARM.Collect$$_printf_percent$$00000000)
    .ARM.Collect$$_printf_percent$$00000003  0x08000194   Section        6  _printf_f.o(.ARM.Collect$$_printf_percent$$00000003)
    .ARM.Collect$$_printf_percent$$00000017  0x0800019a   Section        4  _printf_percent_end.o(.ARM.Collect$$_printf_percent$$00000017)
    .ARM.Collect$$libinit$$00000000          0x0800019e   Section        2  libinit.o(.ARM.Collect$$libinit$$00000000)
    .ARM.Collect$$libinit$$00000002          0x080001a0   Section        0  libinit2.o(.ARM.Collect$$libinit$$00000002)
    .ARM.Collect$$libinit$$00000004          0x080001a0   Section        0  libinit2.o(.ARM.Collect$$libinit$$00000004)
    .ARM.Collect$$libinit$$0000000A          0x080001a0   Section        0  libinit2.o(.ARM.Collect$$libinit$$0000000A)
    .ARM.Collect$$libinit$$0000000C          0x080001a0   Section        0  libinit2.o(.ARM.Collect$$libinit$$0000000C)
    .ARM.Collect$$libinit$$0000000E          0x080001a0   Section        0  libinit2.o(.ARM.Collect$$libinit$$0000000E)
    .ARM.Collect$$libinit$$0000000F          0x080001a0   Section        6  libinit2.o(.ARM.Collect$$libinit$$0000000F)
    .ARM.Collect$$libinit$$00000011          0x080001a6   Section        0  libinit2.o(.ARM.Collect$$libinit$$00000011)
    .ARM.Collect$$libinit$$00000012          0x080001a6   Section       12  libinit2.o(.ARM.Collect$$libinit$$00000012)
    .ARM.Collect$$libinit$$00000013          0x080001b2   Section        0  libinit2.o(.ARM.Collect$$libinit$$00000013)
    .ARM.Collect$$libinit$$00000015          0x080001b2   Section        0  libinit2.o(.ARM.Collect$$libinit$$00000015)
    .ARM.Collect$$libinit$$00000016          0x080001b2   Section       10  libinit2.o(.ARM.Collect$$libinit$$00000016)
    .ARM.Collect$$libinit$$00000017          0x080001bc   Section        0  libinit2.o(.ARM.Collect$$libinit$$00000017)
    .ARM.Collect$$libinit$$00000019          0x080001bc   Section        0  libinit2.o(.ARM.Collect$$libinit$$00000019)
    .ARM.Collect$$libinit$$0000001B          0x080001bc   Section        0  libinit2.o(.ARM.Collect$$libinit$$0000001B)
    .ARM.Collect$$libinit$$0000001D          0x080001bc   Section        0  libinit2.o(.ARM.Collect$$libinit$$0000001D)
    .ARM.Collect$$libinit$$0000001F          0x080001bc   Section        0  libinit2.o(.ARM.Collect$$libinit$$0000001F)
    .ARM.Collect$$libinit$$00000021          0x080001bc   Section        0  libinit2.o(.ARM.Collect$$libinit$$00000021)
    .ARM.Collect$$libinit$$00000023          0x080001bc   Section        0  libinit2.o(.ARM.Collect$$libinit$$00000023)
    .ARM.Collect$$libinit$$00000025          0x080001bc   Section        0  libinit2.o(.ARM.Collect$$libinit$$00000025)
    .ARM.Collect$$libinit$$0000002C          0x080001bc   Section        0  libinit2.o(.ARM.Collect$$libinit$$0000002C)
    .ARM.Collect$$libinit$$0000002E          0x080001bc   Section        0  libinit2.o(.ARM.Collect$$libinit$$0000002E)
    .ARM.Collect$$libinit$$00000030          0x080001bc   Section        0  libinit2.o(.ARM.Collect$$libinit$$00000030)
    .ARM.Collect$$libinit$$00000032          0x080001bc   Section        0  libinit2.o(.ARM.Collect$$libinit$$00000032)
    .ARM.Collect$$libinit$$00000033          0x080001bc   Section        2  libinit2.o(.ARM.Collect$$libinit$$00000033)
    .ARM.Collect$$libshutdown$$00000000      0x080001be   Section        2  libshutdown.o(.ARM.Collect$$libshutdown$$00000000)
    .ARM.Collect$$libshutdown$$00000002      0x080001c0   Section        0  libshutdown2.o(.ARM.Collect$$libshutdown$$00000002)
    .ARM.Collect$$libshutdown$$00000004      0x080001c0   Section        0  libshutdown2.o(.ARM.Collect$$libshutdown$$00000004)
    .ARM.Collect$$libshutdown$$00000007      0x080001c0   Section        0  libshutdown2.o(.ARM.Collect$$libshutdown$$00000007)
    .ARM.Collect$$libshutdown$$0000000A      0x080001c0   Section        0  libshutdown2.o(.ARM.Collect$$libshutdown$$0000000A)
    .ARM.Collect$$libshutdown$$0000000C      0x080001c0   Section        0  libshutdown2.o(.ARM.Collect$$libshutdown$$0000000C)
    .ARM.Collect$$libshutdown$$0000000F      0x080001c0   Section        0  libshutdown2.o(.ARM.Collect$$libshutdown$$0000000F)
    .ARM.Collect$$libshutdown$$00000010      0x080001c0   Section        2  libshutdown2.o(.ARM.Collect$$libshutdown$$00000010)
    .ARM.Collect$$rtentry$$00000000          0x080001c2   Section        0  __rtentry.o(.ARM.Collect$$rtentry$$00000000)
    .ARM.Collect$$rtentry$$00000002          0x080001c2   Section        0  __rtentry2.o(.ARM.Collect$$rtentry$$00000002)
    .ARM.Collect$$rtentry$$00000004          0x080001c2   Section        6  __rtentry4.o(.ARM.Collect$$rtentry$$00000004)
    .ARM.Collect$$rtentry$$00000009          0x080001c8   Section        0  __rtentry2.o(.ARM.Collect$$rtentry$$00000009)
    .ARM.Collect$$rtentry$$0000000A          0x080001c8   Section        4  __rtentry2.o(.ARM.Collect$$rtentry$$0000000A)
    .ARM.Collect$$rtentry$$0000000C          0x080001cc   Section        0  __rtentry2.o(.ARM.Collect$$rtentry$$0000000C)
    .ARM.Collect$$rtentry$$0000000D          0x080001cc   Section        8  __rtentry2.o(.ARM.Collect$$rtentry$$0000000D)
    .ARM.Collect$$rtexit$$00000000           0x080001d4   Section        2  rtexit.o(.ARM.Collect$$rtexit$$00000000)
    .ARM.Collect$$rtexit$$00000002           0x080001d6   Section        0  rtexit2.o(.ARM.Collect$$rtexit$$00000002)
    .ARM.Collect$$rtexit$$00000003           0x080001d6   Section        4  rtexit2.o(.ARM.Collect$$rtexit$$00000003)
    .ARM.Collect$$rtexit$$00000004           0x080001da   Section        6  rtexit2.o(.ARM.Collect$$rtexit$$00000004)
    .text                                    0x080001e0   Section       64  startup_stm32f10x_md_vl.o(.text)
    .text                                    0x08000220   Section        0  noretval__2sprintf.o(.text)
    .text                                    0x08000248   Section        0  __printf.o(.text)
    .text                                    0x080002b0   Section        0  __0sscanf.o(.text)
    .text                                    0x080002ec   Section        0  _scanf_int.o(.text)
    .text                                    0x08000438   Section        0  _scanf_str.o(.text)
    .text                                    0x08000518   Section        0  heapauxi.o(.text)
    .text                                    0x0800051e   Section        0  _printf_fp_dec.o(.text)
    _fp_digits                               0x08000521   Thumb Code   432  _printf_fp_dec.o(.text)
    .text                                    0x0800093c   Section        0  _printf_char_common.o(.text)
    _printf_input_char                       0x0800093d   Thumb Code    10  _printf_char_common.o(.text)
    .text                                    0x0800096c   Section        0  _sputc.o(.text)
    .text                                    0x08000976   Section        0  _chval.o(.text)
    .text                                    0x08000994   Section        0  scanf_char.o(.text)
    _scanf_char_input                        0x08000995   Thumb Code    12  scanf_char.o(.text)
    .text                                    0x080009c0   Section        0  _sgetc.o(.text)
    .text                                    0x08000a00   Section        8  rt_locale_intlibspace.o(.text)
    .text                                    0x08000a08   Section      138  lludiv10.o(.text)
    .text                                    0x08000a92   Section        0  isspace.o(.text)
    .text                                    0x08000aa4   Section        0  _printf_fp_infnan.o(.text)
    .text                                    0x08000b24   Section        0  _scanf.o(.text)
    .text                                    0x08000e98   Section        0  bigflt0.o(.text)
    .text                                    0x08000f7c   Section        8  libspace.o(.text)
    .text                                    0x08000f84   Section       74  sys_stackheap_outer.o(.text)
    .text                                    0x08000fd0   Section       16  rt_ctype_table.o(.text)
    .text                                    0x08000fe0   Section        0  exit.o(.text)
    .text                                    0x08000ff4   Section      128  strcmpv7m.o(.text)
    .text                                    0x08001074   Section        0  sys_exit.o(.text)
    .text                                    0x08001080   Section        2  use_no_semi.o(.text)
    .text                                    0x08001082   Section        0  indicate_semi.o(.text)
    CL$$btod_d2e                             0x08001082   Section       62  btod.o(CL$$btod_d2e)
    CL$$btod_d2e_denorm_low                  0x080010c0   Section       70  btod.o(CL$$btod_d2e_denorm_low)
    CL$$btod_d2e_norm_op1                    0x08001106   Section       96  btod.o(CL$$btod_d2e_norm_op1)
    CL$$btod_div_common                      0x08001166   Section      824  btod.o(CL$$btod_div_common)
    CL$$btod_e2e                             0x0800149e   Section      220  btod.o(CL$$btod_e2e)
    CL$$btod_ediv                            0x0800157a   Section       42  btod.o(CL$$btod_ediv)
    CL$$btod_emul                            0x080015a4   Section       42  btod.o(CL$$btod_emul)
    CL$$btod_mult_common                     0x080015ce   Section      580  btod.o(CL$$btod_mult_common)
    i.DAC_Cmd                                0x08001814   Section        0  stm32f10x_dac.o(i.DAC_Cmd)
    i.DAC_Init                               0x0800183c   Section        0  stm32f10x_dac.o(i.DAC_Init)
    i.DAC_SetChannel1Data                    0x08001870   Section        0  stm32f10x_dac.o(i.DAC_SetChannel1Data)
    i.DAC_StructInit                         0x08001890   Section        0  stm32f10x_dac.o(i.DAC_StructInit)
    i.Display_I2C                            0x0800189c   Section        0  display.o(i.Display_I2C)
    i.Display_Zahl                           0x080018d0   Section        0  display.o(i.Display_Zahl)
    i.ExecuteCmd                             0x08001934   Section        0  main.o(i.ExecuteCmd)
    i.GPIO_Init                              0x08001d98   Section        0  stm32f10x_gpio.o(i.GPIO_Init)
    i.GPIO_Write                             0x08001eae   Section        0  stm32f10x_gpio.o(i.GPIO_Write)
    i.I2C_config                             0x08001eb4   Section        0  i2c.o(i.I2C_config)
    i.I2C_init                               0x08001f44   Section        0  i2c.o(i.I2C_init)
    i.I2C_read                               0x08001f8c   Section        0  i2c.o(i.I2C_read)
    i.I2C_write                              0x08002104   Section        0  i2c.o(i.I2C_write)
    i.InitDAC                                0x080021ac   Section        0  dac.o(i.InitDAC)
    i.InitStepper                            0x080021d0   Section        0  stepper.o(i.InitStepper)
    i.InitSysTick                            0x08002204   Section        0  stepper.o(i.InitSysTick)
    i.InitTIM2_PWM                           0x08002214   Section        0  tim2_pwm.o(i.InitTIM2_PWM)
    i.InitUSART1                             0x080022d8   Section        0  usart1.o(i.InitUSART1)
    i.Init_NVICUSART1                        0x0800235c   Section        0  usart1.o(i.Init_NVICUSART1)
    i.NVIC_Init                              0x08002380   Section        0  misc.o(i.NVIC_Init)
    i.RCC_APB1PeriphClockCmd                 0x080023f0   Section        0  stm32f10x_rcc.o(i.RCC_APB1PeriphClockCmd)
    i.RCC_APB2PeriphClockCmd                 0x08002410   Section        0  stm32f10x_rcc.o(i.RCC_APB2PeriphClockCmd)
    i.RCC_GetClocksFreq                      0x08002430   Section        0  stm32f10x_rcc.o(i.RCC_GetClocksFreq)
    i.SetSysClock                            0x08002504   Section        0  system_stm32f10x.o(i.SetSysClock)
    SetSysClock                              0x08002505   Thumb Code     8  system_stm32f10x.o(i.SetSysClock)
    i.SetSysClockTo24                        0x0800250c   Section        0  system_stm32f10x.o(i.SetSysClockTo24)
    SetSysClockTo24                          0x0800250d   Thumb Code   178  system_stm32f10x.o(i.SetSysClockTo24)
    i.Step_Out                               0x080025c4   Section        0  stepper.o(i.Step_Out)
    i.SysTick_Handler                        0x080025dc   Section        0  main.o(i.SysTick_Handler)
    i.SystemInit                             0x080026ac   Section        0  system_stm32f10x.o(i.SystemInit)
    i.TIM2_RGB                               0x08002710   Section        0  tim2_pwm.o(i.TIM2_RGB)
    i.TIM2_servo                             0x0800276e   Section        0  tim2_pwm.o(i.TIM2_servo)
    i.TIM_Cmd                                0x0800278a   Section        0  stm32f10x_tim.o(i.TIM_Cmd)
    i.TIM_OC1Init                            0x080027a4   Section        0  stm32f10x_tim.o(i.TIM_OC1Init)
    i.TIM_OC2Init                            0x0800283c   Section        0  stm32f10x_tim.o(i.TIM_OC2Init)
    i.TIM_OC3Init                            0x080028e0   Section        0  stm32f10x_tim.o(i.TIM_OC3Init)
    i.TIM_OC4Init                            0x08002980   Section        0  stm32f10x_tim.o(i.TIM_OC4Init)
    i.TIM_SetCompare1                        0x080029fc   Section        0  stm32f10x_tim.o(i.TIM_SetCompare1)
    i.TIM_SetCompare2                        0x08002a00   Section        0  stm32f10x_tim.o(i.TIM_SetCompare2)
    i.TIM_SetCompare3                        0x08002a04   Section        0  stm32f10x_tim.o(i.TIM_SetCompare3)
    i.TIM_SetCompare4                        0x08002a08   Section        0  stm32f10x_tim.o(i.TIM_SetCompare4)
    i.TIM_TimeBaseInit                       0x08002a10   Section        0  stm32f10x_tim.o(i.TIM_TimeBaseInit)
    i.Temp_Display                           0x08002ab4   Section        0  main.o(i.Temp_Display)
    i.USART1_IRQHandler                      0x08002b18   Section        0  usart1.o(i.USART1_IRQHandler)
    i.USART3_IRQHandler                      0x08002b74   Section        0  esp_usart3.o(i.USART3_IRQHandler)
    i.USART_Cmd                              0x08002bc8   Section        0  stm32f10x_usart.o(i.USART_Cmd)
    i.USART_GetFlagStatus                    0x08002be0   Section        0  stm32f10x_usart.o(i.USART_GetFlagStatus)
    i.USART_ITConfig                         0x08002bfa   Section        0  stm32f10x_usart.o(i.USART_ITConfig)
    i.USART_Init                             0x08002c44   Section        0  stm32f10x_usart.o(i.USART_Init)
    i.USART_SendData                         0x08002d1c   Section        0  stm32f10x_usart.o(i.USART_SendData)
    i.USART_StructInit                       0x08002d24   Section        0  stm32f10x_usart.o(i.USART_StructInit)
    i.WriteChar                              0x08002d3c   Section        0  usart1.o(i.WriteChar)
    i.WriteDAC                               0x08002d6c   Section        0  dac.o(i.WriteDAC)
    i.WriteString                            0x08002d7a   Section        0  usart1.o(i.WriteString)
    i.__ARM_fpclassify                       0x08002d90   Section        0  fpclassify.o(i.__ARM_fpclassify)
    i.main                                   0x08002db8   Section        0  main.o(i.main)
    i.read_Temp                              0x08002e38   Section        0  temperatur.o(i.read_Temp)
    i.set_TempRes                            0x08002e66   Section        0  temperatur.o(i.set_TempRes)
    locale$$code                             0x08002e84   Section       44  lc_numeric_c.o(locale$$code)
    locale$$code                             0x08002eb0   Section       44  lc_ctype_c.o(locale$$code)
    x$fpl$ddiv                               0x08002edc   Section      688  ddiv.o(x$fpl$ddiv)
    ddiv_entry                               0x08002ee3   Thumb Code     0  ddiv.o(x$fpl$ddiv)
    x$fpl$dfix                               0x0800318c   Section       94  dfix.o(x$fpl$dfix)
    x$fpl$dnaninf                            0x080031ea   Section      156  dnaninf.o(x$fpl$dnaninf)
    x$fpl$dretinf                            0x08003286   Section       12  dretinf.o(x$fpl$dretinf)
    x$fpl$f2d                                0x08003294   Section       86  f2d.o(x$fpl$f2d)
    x$fpl$fflt                               0x080032ec   Section       48  fflt_clz.o(x$fpl$fflt)
    x$fpl$fnaninf                            0x0800331c   Section      140  fnaninf.o(x$fpl$fnaninf)
    x$fpl$printf1                            0x080033a8   Section        4  printf1.o(x$fpl$printf1)
    .constdata                               0x080033ac   Section      148  bigflt0.o(.constdata)
    x$fpl$usenofp                            0x080033ac   Section        0  usenofp.o(x$fpl$usenofp)
    tenpwrs_x                                0x080033ac   Data          60  bigflt0.o(.constdata)
    tenpwrs_i                                0x080033e8   Data          64  bigflt0.o(.constdata)
    .conststring                             0x08003440   Section      284  main.o(.conststring)
    locale$$data                             0x0800357c   Section       28  lc_numeric_c.o(locale$$data)
    __lcnum_c_name                           0x08003580   Data           2  lc_numeric_c.o(locale$$data)
    __lcnum_c_start                          0x08003588   Data           0  lc_numeric_c.o(locale$$data)
    __lcnum_c_point                          0x08003594   Data           0  lc_numeric_c.o(locale$$data)
    __lcnum_c_thousands                      0x08003596   Data           0  lc_numeric_c.o(locale$$data)
    __lcnum_c_grouping                       0x08003597   Data           0  lc_numeric_c.o(locale$$data)
    locale$$data                             0x08003598   Section      272  lc_ctype_c.o(locale$$data)
    __lcnum_c_end                            0x08003598   Data           0  lc_numeric_c.o(locale$$data)
    __lcctype_c_name                         0x0800359c   Data           2  lc_ctype_c.o(locale$$data)
    __lcctype_c_start                        0x080035a4   Data           0  lc_ctype_c.o(locale$$data)
    __lcctype_c_end                          0x080036a8   Data           0  lc_ctype_c.o(locale$$data)
    .data                                    0x20000000   Section       40  display.o(.data)
    .data                                    0x20000028   Section      184  main.o(.data)
    steps                                    0x200000bc   Data          32  main.o(.data)
    stepnr                                   0x200000dc   Data           4  main.o(.data)
    .data                                    0x200000e0   Section        8  usart1.o(.data)
    .data                                    0x200000e8   Section       20  stm32f10x_rcc.o(.data)
    APBAHBPrescTable                         0x200000e8   Data          16  stm32f10x_rcc.o(.data)
    ADCPrescTable                            0x200000f8   Data           4  stm32f10x_rcc.o(.data)
    .bss                                     0x200000fc   Section       32  usart1.o(.bss)
    .bss                                     0x2000011c   Section       96  libspace.o(.bss)
    HEAP                                     0x20000180   Section      512  startup_stm32f10x_md_vl.o(HEAP)
    Heap_Mem                                 0x20000180   Data         512  startup_stm32f10x_md_vl.o(HEAP)
    STACK                                    0x20000380   Section     1024  startup_stm32f10x_md_vl.o(STACK)
    Stack_Mem                                0x20000380   Data        1024  startup_stm32f10x_md_vl.o(STACK)
    __initial_sp                             0x20000780   Data           0  startup_stm32f10x_md_vl.o(STACK)

    Global Symbols

    Symbol Name                              Value     Ov Type        Size  Object(Section)

    BuildAttributes$$THM_ISAv4$P$D$K$B$S$PE$A:L22UL41UL21$X:L11$S22US41US21$IEEE1$IW$USESV6$~STKCKD$USESV7$~SHL$OTIME$ROPI$IEEEJ$EBA8$UX$STANDARDLIB$REQ8$PRES8$EABIv2 0x00000000   Number         0  anon$$obj.o ABSOLUTE
    __ARM_use_no_argv                        0x00000000   Number         0  main.o ABSOLUTE
    __ARM_exceptions_init                     - Undefined Weak Reference
    __alloca_initialize                       - Undefined Weak Reference
    __arm_preinit_                            - Undefined Weak Reference
    __cpp_initialize__aeabi_                  - Undefined Weak Reference
    __cxa_finalize                            - Undefined Weak Reference
    __sigvec_lookup                           - Undefined Weak Reference
    _atexit_init                              - Undefined Weak Reference
    _call_atexit_fns                          - Undefined Weak Reference
    _clock_init                               - Undefined Weak Reference
    _fp_trap_init                             - Undefined Weak Reference
    _fp_trap_shutdown                         - Undefined Weak Reference
    _get_lc_collate                           - Undefined Weak Reference
    _get_lc_monetary                          - Undefined Weak Reference
    _get_lc_time                              - Undefined Weak Reference
    _getenv_init                              - Undefined Weak Reference
    _handle_redirection                       - Undefined Weak Reference
    _init_alloc                               - Undefined Weak Reference
    _init_user_alloc                          - Undefined Weak Reference
    _initio                                   - Undefined Weak Reference
    _printf_mbtowc                            - Undefined Weak Reference
    _printf_post_padding                      - Undefined Weak Reference
    _printf_pre_padding                       - Undefined Weak Reference
    _printf_truncate_signed                   - Undefined Weak Reference
    _printf_truncate_unsigned                 - Undefined Weak Reference
    _rand_init                                - Undefined Weak Reference
    _scanf_longlong                           - Undefined Weak Reference
    _scanf_mbtowc                             - Undefined Weak Reference
    _scanf_real                               - Undefined Weak Reference
    _scanf_wctomb                             - Undefined Weak Reference
    _scanf_wstring                            - Undefined Weak Reference
    _signal_finish                            - Undefined Weak Reference
    _signal_init                              - Undefined Weak Reference
    _terminate_alloc                          - Undefined Weak Reference
    _terminate_user_alloc                     - Undefined Weak Reference
    _terminateio                              - Undefined Weak Reference
    __Vectors_Size                           0x00000120   Number         0  startup_stm32f10x_md_vl.o ABSOLUTE
    __Vectors                                0x08000000   Data           4  startup_stm32f10x_md_vl.o(RESET)
    __Vectors_End                            0x08000120   Data           0  startup_stm32f10x_md_vl.o(RESET)
    __main                                   0x08000121   Thumb Code     8  __main.o(!!!main)
    __scatterload                            0x08000129   Thumb Code     0  __scatter.o(!!!scatter)
    __scatterload_rt2                        0x08000129   Thumb Code    44  __scatter.o(!!!scatter)
    __scatterload_rt2_thumb_only             0x08000129   Thumb Code     0  __scatter.o(!!!scatter)
    __scatterload_null                       0x08000137   Thumb Code     0  __scatter.o(!!!scatter)
    __scatterload_copy                       0x0800015d   Thumb Code    26  __scatter_copy.o(!!handler_copy)
    __scatterload_zeroinit                   0x08000179   Thumb Code    28  __scatter_zi.o(!!handler_zi)
    _printf_f                                0x08000195   Thumb Code     0  _printf_f.o(.ARM.Collect$$_printf_percent$$00000003)
    _printf_percent                          0x08000195   Thumb Code     0  _printf_percent.o(.ARM.Collect$$_printf_percent$$00000000)
    _printf_percent_end                      0x0800019b   Thumb Code     0  _printf_percent_end.o(.ARM.Collect$$_printf_percent$$00000017)
    __rt_lib_init                            0x0800019f   Thumb Code     0  libinit.o(.ARM.Collect$$libinit$$00000000)
    __rt_lib_init_fp_1                       0x080001a1   Thumb Code     0  libinit2.o(.ARM.Collect$$libinit$$00000002)
    __rt_lib_init_heap_1                     0x080001a1   Thumb Code     0  libinit2.o(.ARM.Collect$$libinit$$0000000A)
    __rt_lib_init_lc_common                  0x080001a1   Thumb Code     0  libinit2.o(.ARM.Collect$$libinit$$0000000F)
    __rt_lib_init_preinit_1                  0x080001a1   Thumb Code     0  libinit2.o(.ARM.Collect$$libinit$$00000004)
    __rt_lib_init_rand_1                     0x080001a1   Thumb Code     0  libinit2.o(.ARM.Collect$$libinit$$0000000E)
    __rt_lib_init_user_alloc_1               0x080001a1   Thumb Code     0  libinit2.o(.ARM.Collect$$libinit$$0000000C)
    __rt_lib_init_lc_collate_1               0x080001a7   Thumb Code     0  libinit2.o(.ARM.Collect$$libinit$$00000011)
    __rt_lib_init_lc_ctype_2                 0x080001a7   Thumb Code     0  libinit2.o(.ARM.Collect$$libinit$$00000012)
    __rt_lib_init_lc_ctype_1                 0x080001b3   Thumb Code     0  libinit2.o(.ARM.Collect$$libinit$$00000013)
    __rt_lib_init_lc_monetary_1              0x080001b3   Thumb Code     0  libinit2.o(.ARM.Collect$$libinit$$00000015)
    __rt_lib_init_lc_numeric_2               0x080001b3   Thumb Code     0  libinit2.o(.ARM.Collect$$libinit$$00000016)
    __rt_lib_init_alloca_1                   0x080001bd   Thumb Code     0  libinit2.o(.ARM.Collect$$libinit$$0000002E)
    __rt_lib_init_argv_1                     0x080001bd   Thumb Code     0  libinit2.o(.ARM.Collect$$libinit$$0000002C)
    __rt_lib_init_atexit_1                   0x080001bd   Thumb Code     0  libinit2.o(.ARM.Collect$$libinit$$0000001B)
    __rt_lib_init_clock_1                    0x080001bd   Thumb Code     0  libinit2.o(.ARM.Collect$$libinit$$00000021)
    __rt_lib_init_cpp_1                      0x080001bd   Thumb Code     0  libinit2.o(.ARM.Collect$$libinit$$00000032)
    __rt_lib_init_exceptions_1               0x080001bd   Thumb Code     0  libinit2.o(.ARM.Collect$$libinit$$00000030)
    __rt_lib_init_fp_trap_1                  0x080001bd   Thumb Code     0  libinit2.o(.ARM.Collect$$libinit$$0000001F)
    __rt_lib_init_getenv_1                   0x080001bd   Thumb Code     0  libinit2.o(.ARM.Collect$$libinit$$00000023)
    __rt_lib_init_lc_numeric_1               0x080001bd   Thumb Code     0  libinit2.o(.ARM.Collect$$libinit$$00000017)
    __rt_lib_init_lc_time_1                  0x080001bd   Thumb Code     0  libinit2.o(.ARM.Collect$$libinit$$00000019)
    __rt_lib_init_return                     0x080001bd   Thumb Code     0  libinit2.o(.ARM.Collect$$libinit$$00000033)
    __rt_lib_init_signal_1                   0x080001bd   Thumb Code     0  libinit2.o(.ARM.Collect$$libinit$$0000001D)
    __rt_lib_init_stdio_1                    0x080001bd   Thumb Code     0  libinit2.o(.ARM.Collect$$libinit$$00000025)
    __rt_lib_shutdown                        0x080001bf   Thumb Code     0  libshutdown.o(.ARM.Collect$$libshutdown$$00000000)
    __rt_lib_shutdown_cpp_1                  0x080001c1   Thumb Code     0  libshutdown2.o(.ARM.Collect$$libshutdown$$00000002)
    __rt_lib_shutdown_fp_trap_1              0x080001c1   Thumb Code     0  libshutdown2.o(.ARM.Collect$$libshutdown$$00000007)
    __rt_lib_shutdown_heap_1                 0x080001c1   Thumb Code     0  libshutdown2.o(.ARM.Collect$$libshutdown$$0000000F)
    __rt_lib_shutdown_return                 0x080001c1   Thumb Code     0  libshutdown2.o(.ARM.Collect$$libshutdown$$00000010)
    __rt_lib_shutdown_signal_1               0x080001c1   Thumb Code     0  libshutdown2.o(.ARM.Collect$$libshutdown$$0000000A)
    __rt_lib_shutdown_stdio_1                0x080001c1   Thumb Code     0  libshutdown2.o(.ARM.Collect$$libshutdown$$00000004)
    __rt_lib_shutdown_user_alloc_1           0x080001c1   Thumb Code     0  libshutdown2.o(.ARM.Collect$$libshutdown$$0000000C)
    __rt_entry                               0x080001c3   Thumb Code     0  __rtentry.o(.ARM.Collect$$rtentry$$00000000)
    __rt_entry_presh_1                       0x080001c3   Thumb Code     0  __rtentry2.o(.ARM.Collect$$rtentry$$00000002)
    __rt_entry_sh                            0x080001c3   Thumb Code     0  __rtentry4.o(.ARM.Collect$$rtentry$$00000004)
    __rt_entry_li                            0x080001c9   Thumb Code     0  __rtentry2.o(.ARM.Collect$$rtentry$$0000000A)
    __rt_entry_postsh_1                      0x080001c9   Thumb Code     0  __rtentry2.o(.ARM.Collect$$rtentry$$00000009)
    __rt_entry_main                          0x080001cd   Thumb Code     0  __rtentry2.o(.ARM.Collect$$rtentry$$0000000D)
    __rt_entry_postli_1                      0x080001cd   Thumb Code     0  __rtentry2.o(.ARM.Collect$$rtentry$$0000000C)
    __rt_exit                                0x080001d5   Thumb Code     0  rtexit.o(.ARM.Collect$$rtexit$$00000000)
    __rt_exit_ls                             0x080001d7   Thumb Code     0  rtexit2.o(.ARM.Collect$$rtexit$$00000003)
    __rt_exit_prels_1                        0x080001d7   Thumb Code     0  rtexit2.o(.ARM.Collect$$rtexit$$00000002)
    __rt_exit_exit                           0x080001db   Thumb Code     0  rtexit2.o(.ARM.Collect$$rtexit$$00000004)
    Reset_Handler                            0x080001e1   Thumb Code     8  startup_stm32f10x_md_vl.o(.text)
    NMI_Handler                              0x080001e9   Thumb Code     2  startup_stm32f10x_md_vl.o(.text)
    HardFault_Handler                        0x080001eb   Thumb Code     2  startup_stm32f10x_md_vl.o(.text)
    MemManage_Handler                        0x080001ed   Thumb Code     2  startup_stm32f10x_md_vl.o(.text)
    BusFault_Handler                         0x080001ef   Thumb Code     2  startup_stm32f10x_md_vl.o(.text)
    UsageFault_Handler                       0x080001f1   Thumb Code     2  startup_stm32f10x_md_vl.o(.text)
    SVC_Handler                              0x080001f3   Thumb Code     2  startup_stm32f10x_md_vl.o(.text)
    DebugMon_Handler                         0x080001f5   Thumb Code     2  startup_stm32f10x_md_vl.o(.text)
    PendSV_Handler                           0x080001f7   Thumb Code     2  startup_stm32f10x_md_vl.o(.text)
    ADC1_IRQHandler                          0x080001fb   Thumb Code     0  startup_stm32f10x_md_vl.o(.text)
    CEC_IRQHandler                           0x080001fb   Thumb Code     0  startup_stm32f10x_md_vl.o(.text)
    DMA1_Channel1_IRQHandler                 0x080001fb   Thumb Code     0  startup_stm32f10x_md_vl.o(.text)
    DMA1_Channel2_IRQHandler                 0x080001fb   Thumb Code     0  startup_stm32f10x_md_vl.o(.text)
    DMA1_Channel3_IRQHandler                 0x080001fb   Thumb Code     0  startup_stm32f10x_md_vl.o(.text)
    DMA1_Channel4_IRQHandler                 0x080001fb   Thumb Code     0  startup_stm32f10x_md_vl.o(.text)
    DMA1_Channel5_IRQHandler                 0x080001fb   Thumb Code     0  startup_stm32f10x_md_vl.o(.text)
    DMA1_Channel6_IRQHandler                 0x080001fb   Thumb Code     0  startup_stm32f10x_md_vl.o(.text)
    DMA1_Channel7_IRQHandler                 0x080001fb   Thumb Code     0  startup_stm32f10x_md_vl.o(.text)
    EXTI0_IRQHandler                         0x080001fb   Thumb Code     0  startup_stm32f10x_md_vl.o(.text)
    EXTI15_10_IRQHandler                     0x080001fb   Thumb Code     0  startup_stm32f10x_md_vl.o(.text)
    EXTI1_IRQHandler                         0x080001fb   Thumb Code     0  startup_stm32f10x_md_vl.o(.text)
    EXTI2_IRQHandler                         0x080001fb   Thumb Code     0  startup_stm32f10x_md_vl.o(.text)
    EXTI3_IRQHandler                         0x080001fb   Thumb Code     0  startup_stm32f10x_md_vl.o(.text)
    EXTI4_IRQHandler                         0x080001fb   Thumb Code     0  startup_stm32f10x_md_vl.o(.text)
    EXTI9_5_IRQHandler                       0x080001fb   Thumb Code     0  startup_stm32f10x_md_vl.o(.text)
    FLASH_IRQHandler                         0x080001fb   Thumb Code     0  startup_stm32f10x_md_vl.o(.text)
    I2C1_ER_IRQHandler                       0x080001fb   Thumb Code     0  startup_stm32f10x_md_vl.o(.text)
    I2C1_EV_IRQHandler                       0x080001fb   Thumb Code     0  startup_stm32f10x_md_vl.o(.text)
    I2C2_ER_IRQHandler                       0x080001fb   Thumb Code     0  startup_stm32f10x_md_vl.o(.text)
    I2C2_EV_IRQHandler                       0x080001fb   Thumb Code     0  startup_stm32f10x_md_vl.o(.text)
    PVD_IRQHandler                           0x080001fb   Thumb Code     0  startup_stm32f10x_md_vl.o(.text)
    RCC_IRQHandler                           0x080001fb   Thumb Code     0  startup_stm32f10x_md_vl.o(.text)
    RTCAlarm_IRQHandler                      0x080001fb   Thumb Code     0  startup_stm32f10x_md_vl.o(.text)
    RTC_IRQHandler                           0x080001fb   Thumb Code     0  startup_stm32f10x_md_vl.o(.text)
    SPI1_IRQHandler                          0x080001fb   Thumb Code     0  startup_stm32f10x_md_vl.o(.text)
    SPI2_IRQHandler                          0x080001fb   Thumb Code     0  startup_stm32f10x_md_vl.o(.text)
    TAMPER_IRQHandler                        0x080001fb   Thumb Code     0  startup_stm32f10x_md_vl.o(.text)
    TIM1_BRK_TIM15_IRQHandler                0x080001fb   Thumb Code     0  startup_stm32f10x_md_vl.o(.text)
    TIM1_CC_IRQHandler                       0x080001fb   Thumb Code     0  startup_stm32f10x_md_vl.o(.text)
    TIM1_TRG_COM_TIM17_IRQHandler            0x080001fb   Thumb Code     0  startup_stm32f10x_md_vl.o(.text)
    TIM1_UP_TIM16_IRQHandler                 0x080001fb   Thumb Code     0  startup_stm32f10x_md_vl.o(.text)
    TIM2_IRQHandler                          0x080001fb   Thumb Code     0  startup_stm32f10x_md_vl.o(.text)
    TIM3_IRQHandler                          0x080001fb   Thumb Code     0  startup_stm32f10x_md_vl.o(.text)
    TIM4_IRQHandler                          0x080001fb   Thumb Code     0  startup_stm32f10x_md_vl.o(.text)
    TIM6_DAC_IRQHandler                      0x080001fb   Thumb Code     0  startup_stm32f10x_md_vl.o(.text)
    TIM7_IRQHandler                          0x080001fb   Thumb Code     0  startup_stm32f10x_md_vl.o(.text)
    USART2_IRQHandler                        0x080001fb   Thumb Code     0  startup_stm32f10x_md_vl.o(.text)
    WWDG_IRQHandler                          0x080001fb   Thumb Code     0  startup_stm32f10x_md_vl.o(.text)
    __user_initial_stackheap                 0x080001fd   Thumb Code     0  startup_stm32f10x_md_vl.o(.text)
    __2sprintf                               0x08000221   Thumb Code    34  noretval__2sprintf.o(.text)
    __printf                                 0x08000249   Thumb Code   104  __printf.o(.text)
    __0sscanf                                0x080002b1   Thumb Code    52  __0sscanf.o(.text)
    _scanf_int                               0x080002ed   Thumb Code   332  _scanf_int.o(.text)
    _scanf_string                            0x08000439   Thumb Code   224  _scanf_str.o(.text)
    __use_two_region_memory                  0x08000519   Thumb Code     2  heapauxi.o(.text)
    __rt_heap_escrow$2region                 0x0800051b   Thumb Code     2  heapauxi.o(.text)
    __rt_heap_expand$2region                 0x0800051d   Thumb Code     2  heapauxi.o(.text)
    __lib_sel_fp_printf                      0x0800051f   Thumb Code     2  _printf_fp_dec.o(.text)
    _printf_fp_dec_real                      0x080006d1   Thumb Code   620  _printf_fp_dec.o(.text)
    _printf_char_common                      0x08000947   Thumb Code    32  _printf_char_common.o(.text)
    _sputc                                   0x0800096d   Thumb Code    10  _sputc.o(.text)
    _chval                                   0x08000977   Thumb Code    28  _chval.o(.text)
    __vfscanf_char                           0x080009a1   Thumb Code    24  scanf_char.o(.text)
    _sgetc                                   0x080009c1   Thumb Code    30  _sgetc.o(.text)
    _sbackspace                              0x080009df   Thumb Code    34  _sgetc.o(.text)
    __rt_locale                              0x08000a01   Thumb Code     8  rt_locale_intlibspace.o(.text)
    _ll_udiv10                               0x08000a09   Thumb Code   138  lludiv10.o(.text)
    isspace                                  0x08000a93   Thumb Code    18  isspace.o(.text)
    _printf_fp_infnan                        0x08000aa5   Thumb Code   112  _printf_fp_infnan.o(.text)
    __vfscanf                                0x08000b25   Thumb Code   878  _scanf.o(.text)
    _btod_etento                             0x08000e99   Thumb Code   224  bigflt0.o(.text)
    __user_libspace                          0x08000f7d   Thumb Code     8  libspace.o(.text)
    __user_perproc_libspace                  0x08000f7d   Thumb Code     0  libspace.o(.text)
    __user_perthread_libspace                0x08000f7d   Thumb Code     0  libspace.o(.text)
    __user_setup_stackheap                   0x08000f85   Thumb Code    74  sys_stackheap_outer.o(.text)
    __rt_ctype_table                         0x08000fd1   Thumb Code    16  rt_ctype_table.o(.text)
    exit                                     0x08000fe1   Thumb Code    18  exit.o(.text)
    strcmp                                   0x08000ff5   Thumb Code   128  strcmpv7m.o(.text)
    _sys_exit                                0x08001075   Thumb Code     8  sys_exit.o(.text)
    __I$use$semihosting                      0x08001081   Thumb Code     0  use_no_semi.o(.text)
    __use_no_semihosting_swi                 0x08001081   Thumb Code     2  use_no_semi.o(.text)
    __semihosting_library_function           0x08001083   Thumb Code     0  indicate_semi.o(.text)
    _btod_d2e                                0x08001083   Thumb Code    62  btod.o(CL$$btod_d2e)
    _d2e_denorm_low                          0x080010c1   Thumb Code    70  btod.o(CL$$btod_d2e_denorm_low)
    _d2e_norm_op1                            0x08001107   Thumb Code    96  btod.o(CL$$btod_d2e_norm_op1)
    __btod_div_common                        0x08001167   Thumb Code   696  btod.o(CL$$btod_div_common)
    _e2e                                     0x0800149f   Thumb Code   220  btod.o(CL$$btod_e2e)
    _btod_ediv                               0x0800157b   Thumb Code    42  btod.o(CL$$btod_ediv)
    _btod_emul                               0x080015a5   Thumb Code    42  btod.o(CL$$btod_emul)
    __btod_mult_common                       0x080015cf   Thumb Code   580  btod.o(CL$$btod_mult_common)
    DAC_Cmd                                  0x08001815   Thumb Code    34  stm32f10x_dac.o(i.DAC_Cmd)
    DAC_Init                                 0x0800183d   Thumb Code    46  stm32f10x_dac.o(i.DAC_Init)
    DAC_SetChannel1Data                      0x08001871   Thumb Code    26  stm32f10x_dac.o(i.DAC_SetChannel1Data)
    DAC_StructInit                           0x08001891   Thumb Code    12  stm32f10x_dac.o(i.DAC_StructInit)
    Display_I2C                              0x0800189d   Thumb Code    52  display.o(i.Display_I2C)
    Display_Zahl                             0x080018d1   Thumb Code    96  display.o(i.Display_Zahl)
    ExecuteCmd                               0x08001935   Thumb Code   634  main.o(i.ExecuteCmd)
    GPIO_Init                                0x08001d99   Thumb Code   278  stm32f10x_gpio.o(i.GPIO_Init)
    GPIO_Write                               0x08001eaf   Thumb Code     4  stm32f10x_gpio.o(i.GPIO_Write)
    I2C_config                               0x08001eb5   Thumb Code   136  i2c.o(i.I2C_config)
    I2C_init                                 0x08001f45   Thumb Code    62  i2c.o(i.I2C_init)
    I2C_read                                 0x08001f8d   Thumb Code   372  i2c.o(i.I2C_read)
    I2C_write                                0x08002105   Thumb Code   162  i2c.o(i.I2C_write)
    InitDAC                                  0x080021ad   Thumb Code    34  dac.o(i.InitDAC)
    InitStepper                              0x080021d1   Thumb Code    48  stepper.o(i.InitStepper)
    InitSysTick                              0x08002205   Thumb Code    16  stepper.o(i.InitSysTick)
    InitTIM2_PWM                             0x08002215   Thumb Code   190  tim2_pwm.o(i.InitTIM2_PWM)
    InitUSART1                               0x080022d9   Thumb Code   124  usart1.o(i.InitUSART1)
    Init_NVICUSART1                          0x0800235d   Thumb Code    34  usart1.o(i.Init_NVICUSART1)
    NVIC_Init                                0x08002381   Thumb Code   100  misc.o(i.NVIC_Init)
    RCC_APB1PeriphClockCmd                   0x080023f1   Thumb Code    26  stm32f10x_rcc.o(i.RCC_APB1PeriphClockCmd)
    RCC_APB2PeriphClockCmd                   0x08002411   Thumb Code    26  stm32f10x_rcc.o(i.RCC_APB2PeriphClockCmd)
    RCC_GetClocksFreq                        0x08002431   Thumb Code   190  stm32f10x_rcc.o(i.RCC_GetClocksFreq)
    Step_Out                                 0x080025c5   Thumb Code    20  stepper.o(i.Step_Out)
    SysTick_Handler                          0x080025dd   Thumb Code   184  main.o(i.SysTick_Handler)
    SystemInit                               0x080026ad   Thumb Code    82  system_stm32f10x.o(i.SystemInit)
    TIM2_RGB                                 0x08002711   Thumb Code    94  tim2_pwm.o(i.TIM2_RGB)
    TIM2_servo                               0x0800276f   Thumb Code    28  tim2_pwm.o(i.TIM2_servo)
    TIM_Cmd                                  0x0800278b   Thumb Code    24  stm32f10x_tim.o(i.TIM_Cmd)
    TIM_OC1Init                              0x080027a5   Thumb Code   132  stm32f10x_tim.o(i.TIM_OC1Init)
    TIM_OC2Init                              0x0800283d   Thumb Code   154  stm32f10x_tim.o(i.TIM_OC2Init)
    TIM_OC3Init                              0x080028e1   Thumb Code   150  stm32f10x_tim.o(i.TIM_OC3Init)
    TIM_OC4Init                              0x08002981   Thumb Code   114  stm32f10x_tim.o(i.TIM_OC4Init)
    TIM_SetCompare1                          0x080029fd   Thumb Code     4  stm32f10x_tim.o(i.TIM_SetCompare1)
    TIM_SetCompare2                          0x08002a01   Thumb Code     4  stm32f10x_tim.o(i.TIM_SetCompare2)
    TIM_SetCompare3                          0x08002a05   Thumb Code     4  stm32f10x_tim.o(i.TIM_SetCompare3)
    TIM_SetCompare4                          0x08002a09   Thumb Code     6  stm32f10x_tim.o(i.TIM_SetCompare4)
    TIM_TimeBaseInit                         0x08002a11   Thumb Code   122  stm32f10x_tim.o(i.TIM_TimeBaseInit)
    Temp_Display                             0x08002ab5   Thumb Code    86  main.o(i.Temp_Display)
    USART1_IRQHandler                        0x08002b19   Thumb Code    70  usart1.o(i.USART1_IRQHandler)
    USART3_IRQHandler                        0x08002b75   Thumb Code    64  esp_usart3.o(i.USART3_IRQHandler)
    USART_Cmd                                0x08002bc9   Thumb Code    24  stm32f10x_usart.o(i.USART_Cmd)
    USART_GetFlagStatus                      0x08002be1   Thumb Code    26  stm32f10x_usart.o(i.USART_GetFlagStatus)
    USART_ITConfig                           0x08002bfb   Thumb Code    74  stm32f10x_usart.o(i.USART_ITConfig)
    USART_Init                               0x08002c45   Thumb Code   210  stm32f10x_usart.o(i.USART_Init)
    USART_SendData                           0x08002d1d   Thumb Code     8  stm32f10x_usart.o(i.USART_SendData)
    USART_StructInit                         0x08002d25   Thumb Code    24  stm32f10x_usart.o(i.USART_StructInit)
    WriteChar                                0x08002d3d   Thumb Code    42  usart1.o(i.WriteChar)
    WriteDAC                                 0x08002d6d   Thumb Code    14  dac.o(i.WriteDAC)
    WriteString                              0x08002d7b   Thumb Code    22  usart1.o(i.WriteString)
    __ARM_fpclassify                         0x08002d91   Thumb Code    40  fpclassify.o(i.__ARM_fpclassify)
    main                                     0x08002db9   Thumb Code   100  main.o(i.main)
    read_Temp                                0x08002e39   Thumb Code    46  temperatur.o(i.read_Temp)
    set_TempRes                              0x08002e67   Thumb Code    30  temperatur.o(i.set_TempRes)
    _get_lc_numeric                          0x08002e85   Thumb Code    44  lc_numeric_c.o(locale$$code)
    _get_lc_ctype                            0x08002eb1   Thumb Code    44  lc_ctype_c.o(locale$$code)
    __aeabi_ddiv                             0x08002edd   Thumb Code     0  ddiv.o(x$fpl$ddiv)
    _ddiv                                    0x08002edd   Thumb Code   552  ddiv.o(x$fpl$ddiv)
    __aeabi_d2iz                             0x0800318d   Thumb Code     0  dfix.o(x$fpl$dfix)
    _dfix                                    0x0800318d   Thumb Code    94  dfix.o(x$fpl$dfix)
    __fpl_dnaninf                            0x080031eb   Thumb Code   156  dnaninf.o(x$fpl$dnaninf)
    __fpl_dretinf                            0x08003287   Thumb Code    12  dretinf.o(x$fpl$dretinf)
    __aeabi_f2d                              0x08003295   Thumb Code     0  f2d.o(x$fpl$f2d)
    _f2d                                     0x08003295   Thumb Code    86  f2d.o(x$fpl$f2d)
    __aeabi_i2f                              0x080032ed   Thumb Code     0  fflt_clz.o(x$fpl$fflt)
    _fflt                                    0x080032ed   Thumb Code    48  fflt_clz.o(x$fpl$fflt)
    __fpl_fnaninf                            0x0800331d   Thumb Code   140  fnaninf.o(x$fpl$fnaninf)
    _printf_fp_dec                           0x080033a9   Thumb Code     4  printf1.o(x$fpl$printf1)
    __I$use$fp                               0x080033ac   Number         0  usenofp.o(x$fpl$usenofp)
    Region$$Table$$Base                      0x0800355c   Number         0  anon$$obj.o(Region$$Table)
    Region$$Table$$Limit                     0x0800357c   Number         0  anon$$obj.o(Region$$Table)
    __ctype                                  0x080035a5   Data           0  lc_ctype_c.o(locale$$data)
    Digits                                   0x20000000   Data          40  display.o(.data)
    sinus                                    0x20000028   Data         128  main.o(.data)
    stepdir                                  0x200000a8   Data           4  main.o(.data)
    akt_pos                                  0x200000ac   Data           4  main.o(.data)
    ziel_pos                                 0x200000b0   Data           4  main.o(.data)
    stepmode                                 0x200000b4   Data           4  main.o(.data)
    tempon                                   0x200000b8   Data           4  main.o(.data)
    cmdflag                                  0x200000e0   Data           4  usart1.o(.data)
    bufferPos                                0x200000e4   Data           4  usart1.o(.data)
    inputBuffer                              0x200000fc   Data          32  usart1.o(.bss)
    __libspace_start                         0x2000011c   Data          96  libspace.o(.bss)
    __temporary_stack_top$libspace           0x2000017c   Data           0  libspace.o(.bss)



==============================================================================

Memory Map of the image

  Image Entry point : 0x080001e1

  Load Region LR_1 (Base: 0x08000000, Size: 0x000037a4, Max: 0xffffffff, ABSOLUTE)

    Execution Region ER_RO (Exec base: 0x08000000, Load base: 0x08000000, Size: 0x000036a8, Max: 0xffffffff, ABSOLUTE)

    Exec Addr    Load Addr    Size         Type   Attr      Idx    E Section Name        Object

    0x08000000   0x08000000   0x00000120   Data   RO         1915    RESET               startup_stm32f10x_md_vl.o
    0x08000120   0x08000120   0x00000008   Code   RO         2010  * !!!main             c_w.l(__main.o)
    0x08000128   0x08000128   0x00000034   Code   RO         2263    !!!scatter          c_w.l(__scatter.o)
    0x0800015c   0x0800015c   0x0000001a   Code   RO         2265    !!handler_copy      c_w.l(__scatter_copy.o)
    0x08000176   0x08000176   0x00000002   PAD
    0x08000178   0x08000178   0x0000001c   Code   RO         2267    !!handler_zi        c_w.l(__scatter_zi.o)
    0x08000194   0x08000194   0x00000000   Code   RO         2001    .ARM.Collect$$_printf_percent$$00000000  c_w.l(_printf_percent.o)
    0x08000194   0x08000194   0x00000006   Code   RO         2000    .ARM.Collect$$_printf_percent$$00000003  c_w.l(_printf_f.o)
    0x0800019a   0x0800019a   0x00000004   Code   RO         2041    .ARM.Collect$$_printf_percent$$00000017  c_w.l(_printf_percent_end.o)
    0x0800019e   0x0800019e   0x00000002   Code   RO         2133    .ARM.Collect$$libinit$$00000000  c_w.l(libinit.o)
    0x080001a0   0x080001a0   0x00000000   Code   RO         2135    .ARM.Collect$$libinit$$00000002  c_w.l(libinit2.o)
    0x080001a0   0x080001a0   0x00000000   Code   RO         2137    .ARM.Collect$$libinit$$00000004  c_w.l(libinit2.o)
    0x080001a0   0x080001a0   0x00000000   Code   RO         2140    .ARM.Collect$$libinit$$0000000A  c_w.l(libinit2.o)
    0x080001a0   0x080001a0   0x00000000   Code   RO         2142    .ARM.Collect$$libinit$$0000000C  c_w.l(libinit2.o)
    0x080001a0   0x080001a0   0x00000000   Code   RO         2144    .ARM.Collect$$libinit$$0000000E  c_w.l(libinit2.o)
    0x080001a0   0x080001a0   0x00000006   Code   RO         2145    .ARM.Collect$$libinit$$0000000F  c_w.l(libinit2.o)
    0x080001a6   0x080001a6   0x00000000   Code   RO         2147    .ARM.Collect$$libinit$$00000011  c_w.l(libinit2.o)
    0x080001a6   0x080001a6   0x0000000c   Code   RO         2148    .ARM.Collect$$libinit$$00000012  c_w.l(libinit2.o)
    0x080001b2   0x080001b2   0x00000000   Code   RO         2149    .ARM.Collect$$libinit$$00000013  c_w.l(libinit2.o)
    0x080001b2   0x080001b2   0x00000000   Code   RO         2151    .ARM.Collect$$libinit$$00000015  c_w.l(libinit2.o)
    0x080001b2   0x080001b2   0x0000000a   Code   RO         2152    .ARM.Collect$$libinit$$00000016  c_w.l(libinit2.o)
    0x080001bc   0x080001bc   0x00000000   Code   RO         2153    .ARM.Collect$$libinit$$00000017  c_w.l(libinit2.o)
    0x080001bc   0x080001bc   0x00000000   Code   RO         2155    .ARM.Collect$$libinit$$00000019  c_w.l(libinit2.o)
    0x080001bc   0x080001bc   0x00000000   Code   RO         2157    .ARM.Collect$$libinit$$0000001B  c_w.l(libinit2.o)
    0x080001bc   0x080001bc   0x00000000   Code   RO         2159    .ARM.Collect$$libinit$$0000001D  c_w.l(libinit2.o)
    0x080001bc   0x080001bc   0x00000000   Code   RO         2161    .ARM.Collect$$libinit$$0000001F  c_w.l(libinit2.o)
    0x080001bc   0x080001bc   0x00000000   Code   RO         2163    .ARM.Collect$$libinit$$00000021  c_w.l(libinit2.o)
    0x080001bc   0x080001bc   0x00000000   Code   RO         2165    .ARM.Collect$$libinit$$00000023  c_w.l(libinit2.o)
    0x080001bc   0x080001bc   0x00000000   Code   RO         2167    .ARM.Collect$$libinit$$00000025  c_w.l(libinit2.o)
    0x080001bc   0x080001bc   0x00000000   Code   RO         2171    .ARM.Collect$$libinit$$0000002C  c_w.l(libinit2.o)
    0x080001bc   0x080001bc   0x00000000   Code   RO         2173    .ARM.Collect$$libinit$$0000002E  c_w.l(libinit2.o)
    0x080001bc   0x080001bc   0x00000000   Code   RO         2175    .ARM.Collect$$libinit$$00000030  c_w.l(libinit2.o)
    0x080001bc   0x080001bc   0x00000000   Code   RO         2177    .ARM.Collect$$libinit$$00000032  c_w.l(libinit2.o)
    0x080001bc   0x080001bc   0x00000002   Code   RO         2178    .ARM.Collect$$libinit$$00000033  c_w.l(libinit2.o)
    0x080001be   0x080001be   0x00000002   Code   RO         2211    .ARM.Collect$$libshutdown$$00000000  c_w.l(libshutdown.o)
    0x080001c0   0x080001c0   0x00000000   Code   RO         2222    .ARM.Collect$$libshutdown$$00000002  c_w.l(libshutdown2.o)
    0x080001c0   0x080001c0   0x00000000   Code   RO         2224    .ARM.Collect$$libshutdown$$00000004  c_w.l(libshutdown2.o)
    0x080001c0   0x080001c0   0x00000000   Code   RO         2227    .ARM.Collect$$libshutdown$$00000007  c_w.l(libshutdown2.o)
    0x080001c0   0x080001c0   0x00000000   Code   RO         2230    .ARM.Collect$$libshutdown$$0000000A  c_w.l(libshutdown2.o)
    0x080001c0   0x080001c0   0x00000000   Code   RO         2232    .ARM.Collect$$libshutdown$$0000000C  c_w.l(libshutdown2.o)
    0x080001c0   0x080001c0   0x00000000   Code   RO         2235    .ARM.Collect$$libshutdown$$0000000F  c_w.l(libshutdown2.o)
    0x080001c0   0x080001c0   0x00000002   Code   RO         2236    .ARM.Collect$$libshutdown$$00000010  c_w.l(libshutdown2.o)
    0x080001c2   0x080001c2   0x00000000   Code   RO         2030    .ARM.Collect$$rtentry$$00000000  c_w.l(__rtentry.o)
    0x080001c2   0x080001c2   0x00000000   Code   RO         2056    .ARM.Collect$$rtentry$$00000002  c_w.l(__rtentry2.o)
    0x080001c2   0x080001c2   0x00000006   Code   RO         2068    .ARM.Collect$$rtentry$$00000004  c_w.l(__rtentry4.o)
    0x080001c8   0x080001c8   0x00000000   Code   RO         2058    .ARM.Collect$$rtentry$$00000009  c_w.l(__rtentry2.o)
    0x080001c8   0x080001c8   0x00000004   Code   RO         2059    .ARM.Collect$$rtentry$$0000000A  c_w.l(__rtentry2.o)
    0x080001cc   0x080001cc   0x00000000   Code   RO         2061    .ARM.Collect$$rtentry$$0000000C  c_w.l(__rtentry2.o)
    0x080001cc   0x080001cc   0x00000008   Code   RO         2062    .ARM.Collect$$rtentry$$0000000D  c_w.l(__rtentry2.o)
    0x080001d4   0x080001d4   0x00000002   Code   RO         2179    .ARM.Collect$$rtexit$$00000000  c_w.l(rtexit.o)
    0x080001d6   0x080001d6   0x00000000   Code   RO         2189    .ARM.Collect$$rtexit$$00000002  c_w.l(rtexit2.o)
    0x080001d6   0x080001d6   0x00000004   Code   RO         2190    .ARM.Collect$$rtexit$$00000003  c_w.l(rtexit2.o)
    0x080001da   0x080001da   0x00000006   Code   RO         2191    .ARM.Collect$$rtexit$$00000004  c_w.l(rtexit2.o)
    0x080001e0   0x080001e0   0x00000040   Code   RO         1916  * .text               startup_stm32f10x_md_vl.o
    0x08000220   0x08000220   0x00000028   Code   RO         1970    .text               c_w.l(noretval__2sprintf.o)
    0x08000248   0x08000248   0x00000068   Code   RO         1972    .text               c_w.l(__printf.o)
    0x080002b0   0x080002b0   0x0000003c   Code   RO         2002    .text               c_w.l(__0sscanf.o)
    0x080002ec   0x080002ec   0x0000014c   Code   RO         2004    .text               c_w.l(_scanf_int.o)
    0x08000438   0x08000438   0x000000e0   Code   RO         2006    .text               c_w.l(_scanf_str.o)
    0x08000518   0x08000518   0x00000006   Code   RO         2008    .text               c_w.l(heapauxi.o)
    0x0800051e   0x0800051e   0x0000041e   Code   RO         2033    .text               c_w.l(_printf_fp_dec.o)
    0x0800093c   0x0800093c   0x00000030   Code   RO         2035    .text               c_w.l(_printf_char_common.o)
    0x0800096c   0x0800096c   0x0000000a   Code   RO         2037    .text               c_w.l(_sputc.o)
    0x08000976   0x08000976   0x0000001c   Code   RO         2042    .text               c_w.l(_chval.o)
    0x08000992   0x08000992   0x00000002   PAD
    0x08000994   0x08000994   0x0000002c   Code   RO         2044    .text               c_w.l(scanf_char.o)
    0x080009c0   0x080009c0   0x00000040   Code   RO         2046    .text               c_w.l(_sgetc.o)
    0x08000a00   0x08000a00   0x00000008   Code   RO         2073    .text               c_w.l(rt_locale_intlibspace.o)
    0x08000a08   0x08000a08   0x0000008a   Code   RO         2075    .text               c_w.l(lludiv10.o)
    0x08000a92   0x08000a92   0x00000012   Code   RO         2077    .text               c_w.l(isspace.o)
    0x08000aa4   0x08000aa4   0x00000080   Code   RO         2079    .text               c_w.l(_printf_fp_infnan.o)
    0x08000b24   0x08000b24   0x00000374   Code   RO         2083    .text               c_w.l(_scanf.o)
    0x08000e98   0x08000e98   0x000000e4   Code   RO         2085    .text               c_w.l(bigflt0.o)
    0x08000f7c   0x08000f7c   0x00000008   Code   RO         2117    .text               c_w.l(libspace.o)
    0x08000f84   0x08000f84   0x0000004a   Code   RO         2120    .text               c_w.l(sys_stackheap_outer.o)
    0x08000fce   0x08000fce   0x00000002   PAD
    0x08000fd0   0x08000fd0   0x00000010   Code   RO         2122    .text               c_w.l(rt_ctype_table.o)
    0x08000fe0   0x08000fe0   0x00000012   Code   RO         2124    .text               c_w.l(exit.o)
    0x08000ff2   0x08000ff2   0x00000002   PAD
    0x08000ff4   0x08000ff4   0x00000080   Code   RO         2126    .text               c_w.l(strcmpv7m.o)
    0x08001074   0x08001074   0x0000000c   Code   RO         2201    .text               c_w.l(sys_exit.o)
    0x08001080   0x08001080   0x00000002   Code   RO         2212    .text               c_w.l(use_no_semi.o)
    0x08001082   0x08001082   0x00000000   Code   RO         2214    .text               c_w.l(indicate_semi.o)
    0x08001082   0x08001082   0x0000003e   Code   RO         2088    CL$$btod_d2e        c_w.l(btod.o)
    0x080010c0   0x080010c0   0x00000046   Code   RO         2090    CL$$btod_d2e_denorm_low  c_w.l(btod.o)
    0x08001106   0x08001106   0x00000060   Code   RO         2089    CL$$btod_d2e_norm_op1  c_w.l(btod.o)
    0x08001166   0x08001166   0x00000338   Code   RO         2098    CL$$btod_div_common  c_w.l(btod.o)
    0x0800149e   0x0800149e   0x000000dc   Code   RO         2095    CL$$btod_e2e        c_w.l(btod.o)
    0x0800157a   0x0800157a   0x0000002a   Code   RO         2092    CL$$btod_ediv       c_w.l(btod.o)
    0x080015a4   0x080015a4   0x0000002a   Code   RO         2091    CL$$btod_emul       c_w.l(btod.o)
    0x080015ce   0x080015ce   0x00000244   Code   RO         2097    CL$$btod_mult_common  c_w.l(btod.o)
    0x08001812   0x08001812   0x00000002   PAD
    0x08001814   0x08001814   0x00000028   Code   RO          486    i.DAC_Cmd           stm32f10x_dac.o
    0x0800183c   0x0800183c   0x00000034   Code   RO          494    i.DAC_Init          stm32f10x_dac.o
    0x08001870   0x08001870   0x00000020   Code   RO          495    i.DAC_SetChannel1Data  stm32f10x_dac.o
    0x08001890   0x08001890   0x0000000c   Code   RO          499    i.DAC_StructInit    stm32f10x_dac.o
    0x0800189c   0x0800189c   0x00000034   Code   RO           84    i.Display_I2C       display.o
    0x080018d0   0x080018d0   0x00000064   Code   RO           85    i.Display_Zahl      display.o
    0x08001934   0x08001934   0x00000464   Code   RO          153    i.ExecuteCmd        main.o
    0x08001d98   0x08001d98   0x00000116   Code   RO          610    i.GPIO_Init         stm32f10x_gpio.o
    0x08001eae   0x08001eae   0x00000004   Code   RO          620    i.GPIO_Write        stm32f10x_gpio.o
    0x08001eb2   0x08001eb2   0x00000002   PAD
    0x08001eb4   0x08001eb4   0x00000090   Code   RO          111    i.I2C_config        i2c.o
    0x08001f44   0x08001f44   0x00000048   Code   RO          112    i.I2C_init          i2c.o
    0x08001f8c   0x08001f8c   0x00000178   Code   RO          113    i.I2C_read          i2c.o
    0x08002104   0x08002104   0x000000a8   Code   RO          114    i.I2C_write         i2c.o
    0x080021ac   0x080021ac   0x00000022   Code   RO            4    i.InitDAC           dac.o
    0x080021ce   0x080021ce   0x00000002   PAD
    0x080021d0   0x080021d0   0x00000034   Code   RO          205    i.InitStepper       stepper.o
    0x08002204   0x08002204   0x00000010   Code   RO          206    i.InitSysTick       stepper.o
    0x08002214   0x08002214   0x000000c4   Code   RO          262    i.InitTIM2_PWM      tim2_pwm.o
    0x080022d8   0x080022d8   0x00000084   Code   RO          298    i.InitUSART1        usart1.o
    0x0800235c   0x0800235c   0x00000022   Code   RO          299    i.Init_NVICUSART1   usart1.o
    0x0800237e   0x0800237e   0x00000002   PAD
    0x08002380   0x08002380   0x00000070   Code   RO          436    i.NVIC_Init         misc.o
    0x080023f0   0x080023f0   0x00000020   Code   RO          948    i.RCC_APB1PeriphClockCmd  stm32f10x_rcc.o
    0x08002410   0x08002410   0x00000020   Code   RO          950    i.RCC_APB2PeriphClockCmd  stm32f10x_rcc.o
    0x08002430   0x08002430   0x000000d4   Code   RO          958    i.RCC_GetClocksFreq  stm32f10x_rcc.o
    0x08002504   0x08002504   0x00000008   Code   RO         1923    i.SetSysClock       system_stm32f10x.o
    0x0800250c   0x0800250c   0x000000b8   Code   RO         1924    i.SetSysClockTo24   system_stm32f10x.o
    0x080025c4   0x080025c4   0x00000018   Code   RO          207    i.Step_Out          stepper.o
    0x080025dc   0x080025dc   0x000000d0   Code   RO          154    i.SysTick_Handler   main.o
    0x080026ac   0x080026ac   0x00000064   Code   RO         1926    i.SystemInit        system_stm32f10x.o
    0x08002710   0x08002710   0x0000005e   Code   RO          263    i.TIM2_RGB          tim2_pwm.o
    0x0800276e   0x0800276e   0x0000001c   Code   RO          264    i.TIM2_servo        tim2_pwm.o
    0x0800278a   0x0800278a   0x00000018   Code   RO         1180    i.TIM_Cmd           stm32f10x_tim.o
    0x080027a2   0x080027a2   0x00000002   PAD
    0x080027a4   0x080027a4   0x00000098   Code   RO         1209    i.TIM_OC1Init       stm32f10x_tim.o
    0x0800283c   0x0800283c   0x000000a4   Code   RO         1214    i.TIM_OC2Init       stm32f10x_tim.o
    0x080028e0   0x080028e0   0x000000a0   Code   RO         1219    i.TIM_OC3Init       stm32f10x_tim.o
    0x08002980   0x08002980   0x0000007c   Code   RO         1224    i.TIM_OC4Init       stm32f10x_tim.o
    0x080029fc   0x080029fc   0x00000004   Code   RO         1241    i.TIM_SetCompare1   stm32f10x_tim.o
    0x08002a00   0x08002a00   0x00000004   Code   RO         1242    i.TIM_SetCompare2   stm32f10x_tim.o
    0x08002a04   0x08002a04   0x00000004   Code   RO         1243    i.TIM_SetCompare3   stm32f10x_tim.o
    0x08002a08   0x08002a08   0x00000006   Code   RO         1244    i.TIM_SetCompare4   stm32f10x_tim.o
    0x08002a0e   0x08002a0e   0x00000002   PAD
    0x08002a10   0x08002a10   0x000000a4   Code   RO         1251    i.TIM_TimeBaseInit  stm32f10x_tim.o
    0x08002ab4   0x08002ab4   0x00000064   Code   RO          155    i.Temp_Display      main.o
    0x08002b18   0x08002b18   0x0000005c   Code   RO          301    i.USART1_IRQHandler  usart1.o
    0x08002b74   0x08002b74   0x00000054   Code   RO          363    i.USART3_IRQHandler  esp_usart3.o
    0x08002bc8   0x08002bc8   0x00000018   Code   RO         1728    i.USART_Cmd         stm32f10x_usart.o
    0x08002be0   0x08002be0   0x0000001a   Code   RO         1731    i.USART_GetFlagStatus  stm32f10x_usart.o
    0x08002bfa   0x08002bfa   0x0000004a   Code   RO         1734    i.USART_ITConfig    stm32f10x_usart.o
    0x08002c44   0x08002c44   0x000000d8   Code   RO         1735    i.USART_Init        stm32f10x_usart.o
    0x08002d1c   0x08002d1c   0x00000008   Code   RO         1745    i.USART_SendData    stm32f10x_usart.o
    0x08002d24   0x08002d24   0x00000018   Code   RO         1751    i.USART_StructInit  stm32f10x_usart.o
    0x08002d3c   0x08002d3c   0x00000030   Code   RO          302    i.WriteChar         usart1.o
    0x08002d6c   0x08002d6c   0x0000000e   Code   RO            5    i.WriteDAC          dac.o
    0x08002d7a   0x08002d7a   0x00000016   Code   RO          303    i.WriteString       usart1.o
    0x08002d90   0x08002d90   0x00000028   Code   RO         2115    i.__ARM_fpclassify  m_ws.l(fpclassify.o)
    0x08002db8   0x08002db8   0x00000080   Code   RO          156    i.main              main.o
    0x08002e38   0x08002e38   0x0000002e   Code   RO          238    i.read_Temp         temperatur.o
    0x08002e66   0x08002e66   0x0000001e   Code   RO          239    i.set_TempRes       temperatur.o
    0x08002e84   0x08002e84   0x0000002c   Code   RO         2111    locale$$code        c_w.l(lc_numeric_c.o)
    0x08002eb0   0x08002eb0   0x0000002c   Code   RO         2182    locale$$code        c_w.l(lc_ctype_c.o)
    0x08002edc   0x08002edc   0x000002b0   Code   RO         2013    x$fpl$ddiv          fz_ws.l(ddiv.o)
    0x0800318c   0x0800318c   0x0000005e   Code   RO         2016    x$fpl$dfix          fz_ws.l(dfix.o)
    0x080031ea   0x080031ea   0x0000009c   Code   RO         2048    x$fpl$dnaninf       fz_ws.l(dnaninf.o)
    0x08003286   0x08003286   0x0000000c   Code   RO         2050    x$fpl$dretinf       fz_ws.l(dretinf.o)
    0x08003292   0x08003292   0x00000002   PAD
    0x08003294   0x08003294   0x00000056   Code   RO         2020    x$fpl$f2d           fz_ws.l(f2d.o)
    0x080032ea   0x080032ea   0x00000002   PAD
    0x080032ec   0x080032ec   0x00000030   Code   RO         2023    x$fpl$fflt          fz_ws.l(fflt_clz.o)
    0x0800331c   0x0800331c   0x0000008c   Code   RO         2052    x$fpl$fnaninf       fz_ws.l(fnaninf.o)
    0x080033a8   0x080033a8   0x00000004   Code   RO         2028    x$fpl$printf1       fz_ws.l(printf1.o)
    0x080033ac   0x080033ac   0x00000000   Code   RO         2054    x$fpl$usenofp       fz_ws.l(usenofp.o)
    0x080033ac   0x080033ac   0x00000094   Data   RO         2086    .constdata          c_w.l(bigflt0.o)
    0x08003440   0x08003440   0x0000011c   Data   RO          157    .conststring        main.o
    0x0800355c   0x0800355c   0x00000020   Data   RO         2261    Region$$Table       anon$$obj.o
    0x0800357c   0x0800357c   0x0000001c   Data   RO         2110    locale$$data        c_w.l(lc_numeric_c.o)
    0x08003598   0x08003598   0x00000110   Data   RO         2181    locale$$data        c_w.l(lc_ctype_c.o)


    Execution Region ER_RW (Exec base: 0x20000000, Load base: 0x080036a8, Size: 0x000000fc, Max: 0xffffffff, ABSOLUTE)

    Exec Addr    Load Addr    Size         Type   Attr      Idx    E Section Name        Object

    0x20000000   0x080036a8   0x00000028   Data   RW           86    .data               display.o
    0x20000028   0x080036d0   0x000000b8   Data   RW          158    .data               main.o
    0x200000e0   0x08003788   0x00000008   Data   RW          305    .data               usart1.o
    0x200000e8   0x08003790   0x00000014   Data   RW          979    .data               stm32f10x_rcc.o


    Execution Region ER_ZI (Exec base: 0x200000fc, Load base: 0x080037a4, Size: 0x00000684, Max: 0xffffffff, ABSOLUTE)

    Exec Addr    Load Addr    Size         Type   Attr      Idx    E Section Name        Object

    0x200000fc        -       0x00000020   Zero   RW          304    .bss                usart1.o
    0x2000011c        -       0x00000060   Zero   RW         2118    .bss                c_w.l(libspace.o)
    0x2000017c   0x080037a4   0x00000004   PAD
    0x20000180        -       0x00000200   Zero   RW         1914    HEAP                startup_stm32f10x_md_vl.o
    0x20000380        -       0x00000400   Zero   RW         1913    STACK               startup_stm32f10x_md_vl.o


==============================================================================

Image component sizes


      Code (inc. data)   RO Data    RW Data    ZI Data      Debug   Object Name

        48          0          0          0          0     260881   dac.o
       152          4          0         40          0       1830   display.o
        84         20          0          0          0        536   esp_usart3.o
       760         28          0          0          0       2831   i2c.o
      1560        556        284        184          0       3666   main.o
       112         12          0          0          0       1140   misc.o
        64         26        288          0       1536        856   startup_stm32f10x_md_vl.o
        92          8          0          0          0       1431   stepper.o
       136         18          0          0          0       3144   stm32f10x_dac.o
       282          0          0          0          0       2641   stm32f10x_gpio.o
       276         34          0         20          0       4710   stm32f10x_rcc.o
       806         92          0          0          0       7153   stm32f10x_tim.o
       372          6          0          0          0       5676   stm32f10x_usart.o
       292         24          0          0          0       2097   system_stm32f10x.o
        76          0          0          0          0       1110   temperatur.o
       318          6          0          0          0       1791   tim2_pwm.o
       328         36          0          8         32       3525   usart1.o

    ----------------------------------------------------------------------
      5768        870        604        252       1568     305018   Object Totals
         0          0         32          0          0          0   (incl. Generated)
        10          0          0          0          0          0   (incl. Padding)

    ----------------------------------------------------------------------

      Code (inc. data)   RO Data    RW Data    ZI Data      Debug   Library Member Name

        60          8          0          0          0         84   __0sscanf.o
         8          0          0          0          0         68   __main.o
       104          0          0          0          0         84   __printf.o
         0          0          0          0          0          0   __rtentry.o
        12          0          0          0          0          0   __rtentry2.o
         6          0          0          0          0          0   __rtentry4.o
        52          8          0          0          0          0   __scatter.o
        26          0          0          0          0          0   __scatter_copy.o
        28          0          0          0          0          0   __scatter_zi.o
        28          0          0          0          0         68   _chval.o
        48          6          0          0          0         96   _printf_char_common.o
         6          0          0          0          0          0   _printf_f.o
      1054          0          0          0          0        216   _printf_fp_dec.o
       128         16          0          0          0         84   _printf_fp_infnan.o
         0          0          0          0          0          0   _printf_percent.o
         4          0          0          0          0          0   _printf_percent_end.o
       884          6          0          0          0        100   _scanf.o
       332          0          0          0          0         96   _scanf_int.o
       224          0          0          0          0         96   _scanf_str.o
        64          0          0          0          0         84   _sgetc.o
        10          0          0          0          0         68   _sputc.o
       228          4        148          0          0         96   bigflt0.o
      1936        128          0          0          0        672   btod.o
        18          0          0          0          0         80   exit.o
         6          0          0          0          0        152   heapauxi.o
         0          0          0          0          0          0   indicate_semi.o
        18          0          0          0          0         76   isspace.o
        44         10        272          0          0         76   lc_ctype_c.o
        44         10         28          0          0         76   lc_numeric_c.o
         2          0          0          0          0          0   libinit.o
        30          0          0          0          0          0   libinit2.o
         2          0          0          0          0          0   libshutdown.o
         2          0          0          0          0          0   libshutdown2.o
         8          4          0          0         96         68   libspace.o
       138          0          0          0          0         80   lludiv10.o
        40          6          0          0          0         84   noretval__2sprintf.o
        16          4          0          0          0         76   rt_ctype_table.o
         8          4          0          0          0         68   rt_locale_intlibspace.o
         2          0          0          0          0          0   rtexit.o
        10          0          0          0          0          0   rtexit2.o
        44          8          0          0          0         84   scanf_char.o
       128          0          0          0          0         68   strcmpv7m.o
        12          4          0          0          0         68   sys_exit.o
        74          0          0          0          0         80   sys_stackheap_outer.o
         2          0          0          0          0         68   use_no_semi.o
       688        140          0          0          0        208   ddiv.o
        94          4          0          0          0         92   dfix.o
       156          4          0          0          0         92   dnaninf.o
        12          0          0          0          0         68   dretinf.o
        86          4          0          0          0         84   f2d.o
        48          0          0          0          0         68   fflt_clz.o
       140          4          0          0          0         84   fnaninf.o
         4          0          0          0          0         68   printf1.o
         0          0          0          0          0          0   usenofp.o
        40          0          0          0          0         68   fpclassify.o

    ----------------------------------------------------------------------
      7172        382        448          0        100       3948   Library Totals
        14          0          0          0          4          0   (incl. Padding)

    ----------------------------------------------------------------------

      Code (inc. data)   RO Data    RW Data    ZI Data      Debug   Library Name

      5890        226        448          0         96       3116   c_w.l
      1228        156          0          0          0        764   fz_ws.l
        40          0          0          0          0         68   m_ws.l

    ----------------------------------------------------------------------
      7172        382        448          0        100       3948   Library Totals

    ----------------------------------------------------------------------

==============================================================================


      Code (inc. data)   RO Data    RW Data    ZI Data      Debug   

     12940       1252       1052        252       1668     304074   Grand Totals
     12940       1252       1052        252       1668     304074   ELF Image Totals
     12940       1252       1052        252          0          0   ROM Totals

==============================================================================

    Total RO  Size (Code + RO Data)                13992 (  13.66kB)
    Total RW  Size (RW Data + ZI Data)              1920 (   1.88kB)
    Total ROM Size (Code + RO Data + RW Data)      14244 (  13.91kB)

==============================================================================

